Archive member included because of file (symbol)

c:/program files (x86)/atmel/atmel studio 6.0/extensions/atmel/avrgcc/3.4.1.95/avrtoolchain/bin/../lib/gcc/avr/4.6.2/avrxmega7\libgcc.a(_udivmodsi4.o)
                              src/asf/xmega/drivers/usart/usart.o (__udivmodsi4)
c:/program files (x86)/atmel/atmel studio 6.0/extensions/atmel/avrgcc/3.4.1.95/avrtoolchain/bin/../lib/gcc/avr/4.6.2/avrxmega7\libgcc.a(_exit.o)
                              c:/program files (x86)/atmel/atmel studio 6.0/extensions/atmel/avrgcc/3.4.1.95/avrtoolchain/bin/../lib/gcc/avr/4.6.2/../../../../avr/lib/avrxmega7/crtx128a1.o (exit)
c:/program files (x86)/atmel/atmel studio 6.0/extensions/atmel/avrgcc/3.4.1.95/avrtoolchain/bin/../lib/gcc/avr/4.6.2/avrxmega7\libgcc.a(_copy_data.o)
                              src/asf/common/services/clock/xmega/sysclk.o (__do_copy_data)
c:/program files (x86)/atmel/atmel studio 6.0/extensions/atmel/avrgcc/3.4.1.95/avrtoolchain/bin/../lib/gcc/avr/4.6.2/avrxmega7\libgcc.a(_clear_bss.o)
                              src/asf/common/services/clock/xmega/sysclk.o (__do_clear_bss)
c:/program files (x86)/atmel/atmel studio 6.0/extensions/atmel/avrgcc/3.4.1.95/avrtoolchain/bin/../lib/gcc/avr/4.6.2/../../../../avr/lib/avrxmega7\libc.a(fdevopen.o)
                              src/stdio_serial.o (fdevopen)
c:/program files (x86)/atmel/atmel studio 6.0/extensions/atmel/avrgcc/3.4.1.95/avrtoolchain/bin/../lib/gcc/avr/4.6.2/../../../../avr/lib/avrxmega7\libc.a(iob.o)
                              c:/program files (x86)/atmel/atmel studio 6.0/extensions/atmel/avrgcc/3.4.1.95/avrtoolchain/bin/../lib/gcc/avr/4.6.2/../../../../avr/lib/avrxmega7\libc.a(fdevopen.o) (__iob)
c:/program files (x86)/atmel/atmel studio 6.0/extensions/atmel/avrgcc/3.4.1.95/avrtoolchain/bin/../lib/gcc/avr/4.6.2/../../../../avr/lib/avrxmega7\libc.a(printf.o)
                              src/stdio_serial.o (printf)
c:/program files (x86)/atmel/atmel studio 6.0/extensions/atmel/avrgcc/3.4.1.95/avrtoolchain/bin/../lib/gcc/avr/4.6.2/../../../../avr/lib/avrxmega7\libc.a(putchar.o)
                              src/stdio_serial.o (putchar)
c:/program files (x86)/atmel/atmel studio 6.0/extensions/atmel/avrgcc/3.4.1.95/avrtoolchain/bin/../lib/gcc/avr/4.6.2/../../../../avr/lib/avrxmega7\libc.a(scanf.o)
                              src/stdio_serial.o (scanf)
c:/program files (x86)/atmel/atmel studio 6.0/extensions/atmel/avrgcc/3.4.1.95/avrtoolchain/bin/../lib/gcc/avr/4.6.2/../../../../avr/lib/avrxmega7\libc.a(vfprintf_std.o)
                              c:/program files (x86)/atmel/atmel studio 6.0/extensions/atmel/avrgcc/3.4.1.95/avrtoolchain/bin/../lib/gcc/avr/4.6.2/../../../../avr/lib/avrxmega7\libc.a(printf.o) (vfprintf)
c:/program files (x86)/atmel/atmel studio 6.0/extensions/atmel/avrgcc/3.4.1.95/avrtoolchain/bin/../lib/gcc/avr/4.6.2/../../../../avr/lib/avrxmega7\libc.a(vfscanf_std.o)
                              c:/program files (x86)/atmel/atmel studio 6.0/extensions/atmel/avrgcc/3.4.1.95/avrtoolchain/bin/../lib/gcc/avr/4.6.2/../../../../avr/lib/avrxmega7\libc.a(scanf.o) (vfscanf)
c:/program files (x86)/atmel/atmel studio 6.0/extensions/atmel/avrgcc/3.4.1.95/avrtoolchain/bin/../lib/gcc/avr/4.6.2/../../../../avr/lib/avrxmega7\libc.a(calloc.o)
                              c:/program files (x86)/atmel/atmel studio 6.0/extensions/atmel/avrgcc/3.4.1.95/avrtoolchain/bin/../lib/gcc/avr/4.6.2/../../../../avr/lib/avrxmega7\libc.a(fdevopen.o) (calloc)
c:/program files (x86)/atmel/atmel studio 6.0/extensions/atmel/avrgcc/3.4.1.95/avrtoolchain/bin/../lib/gcc/avr/4.6.2/../../../../avr/lib/avrxmega7\libc.a(malloc.o)
                              c:/program files (x86)/atmel/atmel studio 6.0/extensions/atmel/avrgcc/3.4.1.95/avrtoolchain/bin/../lib/gcc/avr/4.6.2/../../../../avr/lib/avrxmega7\libc.a(calloc.o) (malloc)
c:/program files (x86)/atmel/atmel studio 6.0/extensions/atmel/avrgcc/3.4.1.95/avrtoolchain/bin/../lib/gcc/avr/4.6.2/../../../../avr/lib/avrxmega7\libc.a(isspace.o)
                              c:/program files (x86)/atmel/atmel studio 6.0/extensions/atmel/avrgcc/3.4.1.95/avrtoolchain/bin/../lib/gcc/avr/4.6.2/../../../../avr/lib/avrxmega7\libc.a(vfscanf_std.o) (isspace)
c:/program files (x86)/atmel/atmel studio 6.0/extensions/atmel/avrgcc/3.4.1.95/avrtoolchain/bin/../lib/gcc/avr/4.6.2/../../../../avr/lib/avrxmega7\libc.a(strchr_P.o)
                              c:/program files (x86)/atmel/atmel studio 6.0/extensions/atmel/avrgcc/3.4.1.95/avrtoolchain/bin/../lib/gcc/avr/4.6.2/../../../../avr/lib/avrxmega7\libc.a(vfscanf_std.o) (strchr_P)
c:/program files (x86)/atmel/atmel studio 6.0/extensions/atmel/avrgcc/3.4.1.95/avrtoolchain/bin/../lib/gcc/avr/4.6.2/../../../../avr/lib/avrxmega7\libc.a(strnlen_P.o)
                              c:/program files (x86)/atmel/atmel studio 6.0/extensions/atmel/avrgcc/3.4.1.95/avrtoolchain/bin/../lib/gcc/avr/4.6.2/../../../../avr/lib/avrxmega7\libc.a(vfprintf_std.o) (strnlen_P)
c:/program files (x86)/atmel/atmel studio 6.0/extensions/atmel/avrgcc/3.4.1.95/avrtoolchain/bin/../lib/gcc/avr/4.6.2/../../../../avr/lib/avrxmega7\libc.a(memset.o)
                              c:/program files (x86)/atmel/atmel studio 6.0/extensions/atmel/avrgcc/3.4.1.95/avrtoolchain/bin/../lib/gcc/avr/4.6.2/../../../../avr/lib/avrxmega7\libc.a(calloc.o) (memset)
c:/program files (x86)/atmel/atmel studio 6.0/extensions/atmel/avrgcc/3.4.1.95/avrtoolchain/bin/../lib/gcc/avr/4.6.2/../../../../avr/lib/avrxmega7\libc.a(strnlen.o)
                              c:/program files (x86)/atmel/atmel studio 6.0/extensions/atmel/avrgcc/3.4.1.95/avrtoolchain/bin/../lib/gcc/avr/4.6.2/../../../../avr/lib/avrxmega7\libc.a(vfprintf_std.o) (strnlen)
c:/program files (x86)/atmel/atmel studio 6.0/extensions/atmel/avrgcc/3.4.1.95/avrtoolchain/bin/../lib/gcc/avr/4.6.2/../../../../avr/lib/avrxmega7\libc.a(fgetc.o)
                              c:/program files (x86)/atmel/atmel studio 6.0/extensions/atmel/avrgcc/3.4.1.95/avrtoolchain/bin/../lib/gcc/avr/4.6.2/../../../../avr/lib/avrxmega7\libc.a(vfscanf_std.o) (fgetc)
c:/program files (x86)/atmel/atmel studio 6.0/extensions/atmel/avrgcc/3.4.1.95/avrtoolchain/bin/../lib/gcc/avr/4.6.2/../../../../avr/lib/avrxmega7\libc.a(fputc.o)
                              c:/program files (x86)/atmel/atmel studio 6.0/extensions/atmel/avrgcc/3.4.1.95/avrtoolchain/bin/../lib/gcc/avr/4.6.2/../../../../avr/lib/avrxmega7\libc.a(putchar.o) (fputc)
c:/program files (x86)/atmel/atmel studio 6.0/extensions/atmel/avrgcc/3.4.1.95/avrtoolchain/bin/../lib/gcc/avr/4.6.2/../../../../avr/lib/avrxmega7\libc.a(ungetc.o)
                              c:/program files (x86)/atmel/atmel studio 6.0/extensions/atmel/avrgcc/3.4.1.95/avrtoolchain/bin/../lib/gcc/avr/4.6.2/../../../../avr/lib/avrxmega7\libc.a(vfscanf_std.o) (ungetc)
c:/program files (x86)/atmel/atmel studio 6.0/extensions/atmel/avrgcc/3.4.1.95/avrtoolchain/bin/../lib/gcc/avr/4.6.2/../../../../avr/lib/avrxmega7\libc.a(ultoa_invert.o)
                              c:/program files (x86)/atmel/atmel studio 6.0/extensions/atmel/avrgcc/3.4.1.95/avrtoolchain/bin/../lib/gcc/avr/4.6.2/../../../../avr/lib/avrxmega7\libc.a(vfprintf_std.o) (__ultoa_invert)
c:/program files (x86)/atmel/atmel studio 6.0/extensions/atmel/avrgcc/3.4.1.95/avrtoolchain/bin/../lib/gcc/avr/4.6.2/../../../../avr/lib/avrxmega7\libc.a(cty_isfalse.o)
                              c:/program files (x86)/atmel/atmel studio 6.0/extensions/atmel/avrgcc/3.4.1.95/avrtoolchain/bin/../lib/gcc/avr/4.6.2/../../../../avr/lib/avrxmega7\libc.a(isspace.o) (__ctype_isfalse)

Allocating common symbols
Common symbol       size              file

ptr_get             0x2               src/asf/common/utils/stdio/read.o
__brkval            0x2               c:/program files (x86)/atmel/atmel studio 6.0/extensions/atmel/avrgcc/3.4.1.95/avrtoolchain/bin/../lib/gcc/avr/4.6.2/../../../../avr/lib/avrxmega7\libc.a(malloc.o)
ptr_put             0x2               src/asf/common/utils/stdio/write.o
stdio_base          0x2               src/asf/common/utils/stdio/write.o
__flp               0x2               c:/program files (x86)/atmel/atmel studio 6.0/extensions/atmel/avrgcc/3.4.1.95/avrtoolchain/bin/../lib/gcc/avr/4.6.2/../../../../avr/lib/avrxmega7\libc.a(malloc.o)
__iob               0x6               c:/program files (x86)/atmel/atmel studio 6.0/extensions/atmel/avrgcc/3.4.1.95/avrtoolchain/bin/../lib/gcc/avr/4.6.2/../../../../avr/lib/avrxmega7\libc.a(iob.o)

Discarded input sections

 .bss           0x00000000        0x0 c:/program files (x86)/atmel/atmel studio 6.0/extensions/atmel/avrgcc/3.4.1.95/avrtoolchain/bin/../lib/gcc/avr/4.6.2/../../../../avr/lib/avrxmega7/crtx128a1.o
 .text          0x00000000        0x0 src/asf/common/services/clock/xmega/sysclk.o
 .bss           0x00000000        0x0 src/asf/common/services/clock/xmega/sysclk.o
 .text.sysclk_disable_module
                0x00000000       0x16 src/asf/common/services/clock/xmega/sysclk.o
 .text          0x00000000        0x0 src/asf/common/services/serial/usart_serial.o
 .bss           0x00000000        0x0 src/asf/common/services/serial/usart_serial.o
 .text.usart_serial_write_packet
                0x00000000       0x36 src/asf/common/services/serial/usart_serial.o
 .text.usart_serial_read_packet
                0x00000000       0x36 src/asf/common/services/serial/usart_serial.o
 .text          0x00000000        0x0 src/asf/common/utils/stdio/read.o
 .bss           0x00000000        0x0 src/asf/common/utils/stdio/read.o
 .text          0x00000000        0x0 src/asf/common/utils/stdio/write.o
 .bss           0x00000000        0x0 src/asf/common/utils/stdio/write.o
 .text          0x00000000        0x0 src/asf/xmega/boards/xmega_a1_xplained/init.o
 .bss           0x00000000        0x0 src/asf/xmega/boards/xmega_a1_xplained/init.o
 .text          0x00000000        0x0 src/asf/xmega/drivers/cpu/ccp.o
 .bss           0x00000000        0x0 src/asf/xmega/drivers/cpu/ccp.o
 .text          0x00000000        0x0 src/asf/xmega/drivers/ioport/ioport.o
 .bss           0x00000000        0x0 src/asf/xmega/drivers/ioport/ioport.o
 .text          0x00000000        0x0 src/asf/xmega/drivers/usart/usart.o
 .bss           0x00000000        0x0 src/asf/xmega/drivers/usart/usart.o
 .text.usart_set_bsel_bscale_value
                0x00000000       0x10 src/asf/xmega/drivers/usart/usart.o
 .text.usart_set_baudrate_precalculated
                0x00000000      0x10e src/asf/xmega/drivers/usart/usart.o
 .text.usart_spi_set_baudrate
                0x00000000       0x4e src/asf/xmega/drivers/usart/usart.o
 .text.usart_init_spi
                0x00000000      0x1b2 src/asf/xmega/drivers/usart/usart.o
 .progmem.data  0x00000000       0x1c src/asf/xmega/drivers/usart/usart.o
 .text          0x00000000        0x0 src/stdio_serial.o
 .bss           0x00000000        0x0 src/stdio_serial.o
 .text          0x00000000        0x0 c:/program files (x86)/atmel/atmel studio 6.0/extensions/atmel/avrgcc/3.4.1.95/avrtoolchain/bin/../lib/gcc/avr/4.6.2/avrxmega7\libgcc.a(_udivmodsi4.o)
 .bss           0x00000000        0x0 c:/program files (x86)/atmel/atmel studio 6.0/extensions/atmel/avrgcc/3.4.1.95/avrtoolchain/bin/../lib/gcc/avr/4.6.2/avrxmega7\libgcc.a(_udivmodsi4.o)
 .text          0x00000000        0x0 c:/program files (x86)/atmel/atmel studio 6.0/extensions/atmel/avrgcc/3.4.1.95/avrtoolchain/bin/../lib/gcc/avr/4.6.2/avrxmega7\libgcc.a(_exit.o)
 .bss           0x00000000        0x0 c:/program files (x86)/atmel/atmel studio 6.0/extensions/atmel/avrgcc/3.4.1.95/avrtoolchain/bin/../lib/gcc/avr/4.6.2/avrxmega7\libgcc.a(_exit.o)
 .text.libgcc   0x00000000        0x0 c:/program files (x86)/atmel/atmel studio 6.0/extensions/atmel/avrgcc/3.4.1.95/avrtoolchain/bin/../lib/gcc/avr/4.6.2/avrxmega7\libgcc.a(_exit.o)
 .text          0x00000000        0x0 c:/program files (x86)/atmel/atmel studio 6.0/extensions/atmel/avrgcc/3.4.1.95/avrtoolchain/bin/../lib/gcc/avr/4.6.2/avrxmega7\libgcc.a(_copy_data.o)
 .bss           0x00000000        0x0 c:/program files (x86)/atmel/atmel studio 6.0/extensions/atmel/avrgcc/3.4.1.95/avrtoolchain/bin/../lib/gcc/avr/4.6.2/avrxmega7\libgcc.a(_copy_data.o)
 .text.libgcc   0x00000000        0x0 c:/program files (x86)/atmel/atmel studio 6.0/extensions/atmel/avrgcc/3.4.1.95/avrtoolchain/bin/../lib/gcc/avr/4.6.2/avrxmega7\libgcc.a(_copy_data.o)
 .text          0x00000000        0x0 c:/program files (x86)/atmel/atmel studio 6.0/extensions/atmel/avrgcc/3.4.1.95/avrtoolchain/bin/../lib/gcc/avr/4.6.2/avrxmega7\libgcc.a(_clear_bss.o)
 .bss           0x00000000        0x0 c:/program files (x86)/atmel/atmel studio 6.0/extensions/atmel/avrgcc/3.4.1.95/avrtoolchain/bin/../lib/gcc/avr/4.6.2/avrxmega7\libgcc.a(_clear_bss.o)
 .text.libgcc   0x00000000        0x0 c:/program files (x86)/atmel/atmel studio 6.0/extensions/atmel/avrgcc/3.4.1.95/avrtoolchain/bin/../lib/gcc/avr/4.6.2/avrxmega7\libgcc.a(_clear_bss.o)
 .text          0x00000000        0x0 c:/program files (x86)/atmel/atmel studio 6.0/extensions/atmel/avrgcc/3.4.1.95/avrtoolchain/bin/../lib/gcc/avr/4.6.2/../../../../avr/lib/avrxmega7\libc.a(fdevopen.o)
 .bss           0x00000000        0x0 c:/program files (x86)/atmel/atmel studio 6.0/extensions/atmel/avrgcc/3.4.1.95/avrtoolchain/bin/../lib/gcc/avr/4.6.2/../../../../avr/lib/avrxmega7\libc.a(fdevopen.o)
 .text          0x00000000        0x0 c:/program files (x86)/atmel/atmel studio 6.0/extensions/atmel/avrgcc/3.4.1.95/avrtoolchain/bin/../lib/gcc/avr/4.6.2/../../../../avr/lib/avrxmega7\libc.a(iob.o)
 .bss           0x00000000        0x0 c:/program files (x86)/atmel/atmel studio 6.0/extensions/atmel/avrgcc/3.4.1.95/avrtoolchain/bin/../lib/gcc/avr/4.6.2/../../../../avr/lib/avrxmega7\libc.a(iob.o)
 .text          0x00000000        0x0 c:/program files (x86)/atmel/atmel studio 6.0/extensions/atmel/avrgcc/3.4.1.95/avrtoolchain/bin/../lib/gcc/avr/4.6.2/../../../../avr/lib/avrxmega7\libc.a(printf.o)
 .bss           0x00000000        0x0 c:/program files (x86)/atmel/atmel studio 6.0/extensions/atmel/avrgcc/3.4.1.95/avrtoolchain/bin/../lib/gcc/avr/4.6.2/../../../../avr/lib/avrxmega7\libc.a(printf.o)
 .text          0x00000000        0x0 c:/program files (x86)/atmel/atmel studio 6.0/extensions/atmel/avrgcc/3.4.1.95/avrtoolchain/bin/../lib/gcc/avr/4.6.2/../../../../avr/lib/avrxmega7\libc.a(putchar.o)
 .bss           0x00000000        0x0 c:/program files (x86)/atmel/atmel studio 6.0/extensions/atmel/avrgcc/3.4.1.95/avrtoolchain/bin/../lib/gcc/avr/4.6.2/../../../../avr/lib/avrxmega7\libc.a(putchar.o)
 .text          0x00000000        0x0 c:/program files (x86)/atmel/atmel studio 6.0/extensions/atmel/avrgcc/3.4.1.95/avrtoolchain/bin/../lib/gcc/avr/4.6.2/../../../../avr/lib/avrxmega7\libc.a(scanf.o)
 .bss           0x00000000        0x0 c:/program files (x86)/atmel/atmel studio 6.0/extensions/atmel/avrgcc/3.4.1.95/avrtoolchain/bin/../lib/gcc/avr/4.6.2/../../../../avr/lib/avrxmega7\libc.a(scanf.o)
 .text          0x00000000        0x0 c:/program files (x86)/atmel/atmel studio 6.0/extensions/atmel/avrgcc/3.4.1.95/avrtoolchain/bin/../lib/gcc/avr/4.6.2/../../../../avr/lib/avrxmega7\libc.a(vfprintf_std.o)
 .bss           0x00000000        0x0 c:/program files (x86)/atmel/atmel studio 6.0/extensions/atmel/avrgcc/3.4.1.95/avrtoolchain/bin/../lib/gcc/avr/4.6.2/../../../../avr/lib/avrxmega7\libc.a(vfprintf_std.o)
 .text          0x00000000        0x0 c:/program files (x86)/atmel/atmel studio 6.0/extensions/atmel/avrgcc/3.4.1.95/avrtoolchain/bin/../lib/gcc/avr/4.6.2/../../../../avr/lib/avrxmega7\libc.a(vfscanf_std.o)
 .bss           0x00000000        0x0 c:/program files (x86)/atmel/atmel studio 6.0/extensions/atmel/avrgcc/3.4.1.95/avrtoolchain/bin/../lib/gcc/avr/4.6.2/../../../../avr/lib/avrxmega7\libc.a(vfscanf_std.o)
 .text          0x00000000        0x0 c:/program files (x86)/atmel/atmel studio 6.0/extensions/atmel/avrgcc/3.4.1.95/avrtoolchain/bin/../lib/gcc/avr/4.6.2/../../../../avr/lib/avrxmega7\libc.a(calloc.o)
 .bss           0x00000000        0x0 c:/program files (x86)/atmel/atmel studio 6.0/extensions/atmel/avrgcc/3.4.1.95/avrtoolchain/bin/../lib/gcc/avr/4.6.2/../../../../avr/lib/avrxmega7\libc.a(calloc.o)
 .text          0x00000000        0x0 c:/program files (x86)/atmel/atmel studio 6.0/extensions/atmel/avrgcc/3.4.1.95/avrtoolchain/bin/../lib/gcc/avr/4.6.2/../../../../avr/lib/avrxmega7\libc.a(malloc.o)
 .bss           0x00000000        0x0 c:/program files (x86)/atmel/atmel studio 6.0/extensions/atmel/avrgcc/3.4.1.95/avrtoolchain/bin/../lib/gcc/avr/4.6.2/../../../../avr/lib/avrxmega7\libc.a(malloc.o)
 .text          0x00000000        0x0 c:/program files (x86)/atmel/atmel studio 6.0/extensions/atmel/avrgcc/3.4.1.95/avrtoolchain/bin/../lib/gcc/avr/4.6.2/../../../../avr/lib/avrxmega7\libc.a(isspace.o)
 .bss           0x00000000        0x0 c:/program files (x86)/atmel/atmel studio 6.0/extensions/atmel/avrgcc/3.4.1.95/avrtoolchain/bin/../lib/gcc/avr/4.6.2/../../../../avr/lib/avrxmega7\libc.a(isspace.o)
 .text          0x00000000        0x0 c:/program files (x86)/atmel/atmel studio 6.0/extensions/atmel/avrgcc/3.4.1.95/avrtoolchain/bin/../lib/gcc/avr/4.6.2/../../../../avr/lib/avrxmega7\libc.a(strchr_P.o)
 .bss           0x00000000        0x0 c:/program files (x86)/atmel/atmel studio 6.0/extensions/atmel/avrgcc/3.4.1.95/avrtoolchain/bin/../lib/gcc/avr/4.6.2/../../../../avr/lib/avrxmega7\libc.a(strchr_P.o)
 .text          0x00000000        0x0 c:/program files (x86)/atmel/atmel studio 6.0/extensions/atmel/avrgcc/3.4.1.95/avrtoolchain/bin/../lib/gcc/avr/4.6.2/../../../../avr/lib/avrxmega7\libc.a(strnlen_P.o)
 .bss           0x00000000        0x0 c:/program files (x86)/atmel/atmel studio 6.0/extensions/atmel/avrgcc/3.4.1.95/avrtoolchain/bin/../lib/gcc/avr/4.6.2/../../../../avr/lib/avrxmega7\libc.a(strnlen_P.o)
 .text          0x00000000        0x0 c:/program files (x86)/atmel/atmel studio 6.0/extensions/atmel/avrgcc/3.4.1.95/avrtoolchain/bin/../lib/gcc/avr/4.6.2/../../../../avr/lib/avrxmega7\libc.a(memset.o)
 .bss           0x00000000        0x0 c:/program files (x86)/atmel/atmel studio 6.0/extensions/atmel/avrgcc/3.4.1.95/avrtoolchain/bin/../lib/gcc/avr/4.6.2/../../../../avr/lib/avrxmega7\libc.a(memset.o)
 .text          0x00000000        0x0 c:/program files (x86)/atmel/atmel studio 6.0/extensions/atmel/avrgcc/3.4.1.95/avrtoolchain/bin/../lib/gcc/avr/4.6.2/../../../../avr/lib/avrxmega7\libc.a(strnlen.o)
 .bss           0x00000000        0x0 c:/program files (x86)/atmel/atmel studio 6.0/extensions/atmel/avrgcc/3.4.1.95/avrtoolchain/bin/../lib/gcc/avr/4.6.2/../../../../avr/lib/avrxmega7\libc.a(strnlen.o)
 .text          0x00000000        0x0 c:/program files (x86)/atmel/atmel studio 6.0/extensions/atmel/avrgcc/3.4.1.95/avrtoolchain/bin/../lib/gcc/avr/4.6.2/../../../../avr/lib/avrxmega7\libc.a(fgetc.o)
 .bss           0x00000000        0x0 c:/program files (x86)/atmel/atmel studio 6.0/extensions/atmel/avrgcc/3.4.1.95/avrtoolchain/bin/../lib/gcc/avr/4.6.2/../../../../avr/lib/avrxmega7\libc.a(fgetc.o)
 .text          0x00000000        0x0 c:/program files (x86)/atmel/atmel studio 6.0/extensions/atmel/avrgcc/3.4.1.95/avrtoolchain/bin/../lib/gcc/avr/4.6.2/../../../../avr/lib/avrxmega7\libc.a(fputc.o)
 .bss           0x00000000        0x0 c:/program files (x86)/atmel/atmel studio 6.0/extensions/atmel/avrgcc/3.4.1.95/avrtoolchain/bin/../lib/gcc/avr/4.6.2/../../../../avr/lib/avrxmega7\libc.a(fputc.o)
 .text          0x00000000        0x0 c:/program files (x86)/atmel/atmel studio 6.0/extensions/atmel/avrgcc/3.4.1.95/avrtoolchain/bin/../lib/gcc/avr/4.6.2/../../../../avr/lib/avrxmega7\libc.a(ungetc.o)
 .bss           0x00000000        0x0 c:/program files (x86)/atmel/atmel studio 6.0/extensions/atmel/avrgcc/3.4.1.95/avrtoolchain/bin/../lib/gcc/avr/4.6.2/../../../../avr/lib/avrxmega7\libc.a(ungetc.o)
 .text          0x00000000        0x0 c:/program files (x86)/atmel/atmel studio 6.0/extensions/atmel/avrgcc/3.4.1.95/avrtoolchain/bin/../lib/gcc/avr/4.6.2/../../../../avr/lib/avrxmega7\libc.a(ultoa_invert.o)
 .bss           0x00000000        0x0 c:/program files (x86)/atmel/atmel studio 6.0/extensions/atmel/avrgcc/3.4.1.95/avrtoolchain/bin/../lib/gcc/avr/4.6.2/../../../../avr/lib/avrxmega7\libc.a(ultoa_invert.o)
 .text          0x00000000        0x0 c:/program files (x86)/atmel/atmel studio 6.0/extensions/atmel/avrgcc/3.4.1.95/avrtoolchain/bin/../lib/gcc/avr/4.6.2/../../../../avr/lib/avrxmega7\libc.a(cty_isfalse.o)
 .bss           0x00000000        0x0 c:/program files (x86)/atmel/atmel studio 6.0/extensions/atmel/avrgcc/3.4.1.95/avrtoolchain/bin/../lib/gcc/avr/4.6.2/../../../../avr/lib/avrxmega7\libc.a(cty_isfalse.o)

Memory Configuration

Name             Origin             Length             Attributes
text             0x00000000         0x00100000         xr
data             0x00802000         0x0000ffa0         rw !x
eeprom           0x00810000         0x00010000         rw !x
fuse             0x00820000         0x00000400         rw !x
lock             0x00830000         0x00000400         rw !x
signature        0x00840000         0x00000400         rw !x
*default*        0x00000000         0xffffffff

Linker script and memory map

LOAD c:/program files (x86)/atmel/atmel studio 6.0/extensions/atmel/avrgcc/3.4.1.95/avrtoolchain/bin/../lib/gcc/avr/4.6.2/../../../../avr/lib/avrxmega7/crtx128a1.o
LOAD src/asf/common/services/clock/xmega/sysclk.o
LOAD src/asf/common/services/serial/usart_serial.o
LOAD src/asf/common/utils/stdio/read.o
LOAD src/asf/common/utils/stdio/write.o
LOAD src/asf/xmega/boards/xmega_a1_xplained/init.o
LOAD src/asf/xmega/drivers/cpu/ccp.o
LOAD src/asf/xmega/drivers/ioport/ioport.o
LOAD src/asf/xmega/drivers/usart/usart.o
LOAD src/stdio_serial.o
START GROUP
LOAD c:/program files (x86)/atmel/atmel studio 6.0/extensions/atmel/avrgcc/3.4.1.95/avrtoolchain/bin/../lib/gcc/avr/4.6.2/../../../../avr/lib/avrxmega7\libm.a
END GROUP
Address of section .BOOT set to 0x20000
LOAD c:/program files (x86)/atmel/atmel studio 6.0/extensions/atmel/avrgcc/3.4.1.95/avrtoolchain/bin/../lib/gcc/avr/4.6.2/avrxmega7\libgcc.a
LOAD c:/program files (x86)/atmel/atmel studio 6.0/extensions/atmel/avrgcc/3.4.1.95/avrtoolchain/bin/../lib/gcc/avr/4.6.2/../../../../avr/lib/avrxmega7\libc.a
LOAD c:/program files (x86)/atmel/atmel studio 6.0/extensions/atmel/avrgcc/3.4.1.95/avrtoolchain/bin/../lib/gcc/avr/4.6.2/avrxmega7\libgcc.a

.hash
 *(.hash)

.dynsym
 *(.dynsym)

.dynstr
 *(.dynstr)

.gnu.version
 *(.gnu.version)

.gnu.version_d
 *(.gnu.version_d)

.gnu.version_r
 *(.gnu.version_r)

.rel.init
 *(.rel.init)

.rela.init
 *(.rela.init)

.rel.text
 *(.rel.text)
 *(.rel.text.*)
 *(.rel.gnu.linkonce.t*)

.rela.text
 *(.rela.text)
 *(.rela.text.*)
 *(.rela.gnu.linkonce.t*)

.rel.fini
 *(.rel.fini)

.rela.fini
 *(.rela.fini)

.rel.rodata
 *(.rel.rodata)
 *(.rel.rodata.*)
 *(.rel.gnu.linkonce.r*)

.rela.rodata
 *(.rela.rodata)
 *(.rela.rodata.*)
 *(.rela.gnu.linkonce.r*)

.rel.data
 *(.rel.data)
 *(.rel.data.*)
 *(.rel.gnu.linkonce.d*)

.rela.data
 *(.rela.data)
 *(.rela.data.*)
 *(.rela.gnu.linkonce.d*)

.rel.ctors
 *(.rel.ctors)

.rela.ctors
 *(.rela.ctors)

.rel.dtors
 *(.rel.dtors)

.rela.dtors
 *(.rela.dtors)

.rel.got
 *(.rel.got)

.rela.got
 *(.rela.got)

.rel.bss
 *(.rel.bss)

.rela.bss
 *(.rela.bss)

.rel.plt
 *(.rel.plt)

.rela.plt
 *(.rela.plt)

.text           0x00000000     0x1ce4
 *(.vectors)
 .vectors       0x00000000      0x1f4 c:/program files (x86)/atmel/atmel studio 6.0/extensions/atmel/avrgcc/3.4.1.95/avrtoolchain/bin/../lib/gcc/avr/4.6.2/../../../../avr/lib/avrxmega7/crtx128a1.o
                0x00000000                __vector_default
                0x00000000                __vectors
 *(.vectors)
 *(.progmem.gcc*)
 *(.progmem*)
 .progmem.data  0x000001f4        0xc c:/program files (x86)/atmel/atmel studio 6.0/extensions/atmel/avrgcc/3.4.1.95/avrtoolchain/bin/../lib/gcc/avr/4.6.2/../../../../avr/lib/avrxmega7\libc.a(vfscanf_std.o)
                0x00000200                . = ALIGN (0x2)
                0x00000200                __trampolines_start = .
 *(.trampolines)
 .trampolines   0x00000200        0x0 linker stubs
 *(.trampolines*)
                0x00000200                __trampolines_end = .
 *(.jumptables)
 *(.jumptables*)
 *(.lowtext)
 *(.lowtext*)
                0x00000200                __ctors_start = .
 *(.ctors)
                0x00000200                __ctors_end = .
                0x00000200                __dtors_start = .
 *(.dtors)
                0x00000200                __dtors_end = .
 SORT(*)(.ctors)
 SORT(*)(.dtors)
 *(.init0)
 .init0         0x00000200        0x0 c:/program files (x86)/atmel/atmel studio 6.0/extensions/atmel/avrgcc/3.4.1.95/avrtoolchain/bin/../lib/gcc/avr/4.6.2/../../../../avr/lib/avrxmega7/crtx128a1.o
                0x00000200                __init
 *(.init0)
 *(.init1)
 *(.init1)
 *(.init2)
 .init2         0x00000200       0x18 c:/program files (x86)/atmel/atmel studio 6.0/extensions/atmel/avrgcc/3.4.1.95/avrtoolchain/bin/../lib/gcc/avr/4.6.2/../../../../avr/lib/avrxmega7/crtx128a1.o
 *(.init2)
 *(.init3)
 *(.init3)
 *(.init4)
 .init4         0x00000218       0x1c c:/program files (x86)/atmel/atmel studio 6.0/extensions/atmel/avrgcc/3.4.1.95/avrtoolchain/bin/../lib/gcc/avr/4.6.2/avrxmega7\libgcc.a(_copy_data.o)
                0x00000218                __do_copy_data
 .init4         0x00000234       0x10 c:/program files (x86)/atmel/atmel studio 6.0/extensions/atmel/avrgcc/3.4.1.95/avrtoolchain/bin/../lib/gcc/avr/4.6.2/avrxmega7\libgcc.a(_clear_bss.o)
                0x00000234                __do_clear_bss
 *(.init4)
 *(.init5)
 *(.init5)
 *(.init6)
 *(.init6)
 *(.init7)
 *(.init7)
 *(.init8)
 *(.init8)
 *(.init9)
 .init9         0x00000244        0x6 c:/program files (x86)/atmel/atmel studio 6.0/extensions/atmel/avrgcc/3.4.1.95/avrtoolchain/bin/../lib/gcc/avr/4.6.2/../../../../avr/lib/avrxmega7/crtx128a1.o
 *(.init9)
 *(.text)
 .text          0x0000024a        0x2 c:/program files (x86)/atmel/atmel studio 6.0/extensions/atmel/avrgcc/3.4.1.95/avrtoolchain/bin/../lib/gcc/avr/4.6.2/../../../../avr/lib/avrxmega7/crtx128a1.o
                0x0000024a                __vector_38
                0x0000024a                __vector_104
                0x0000024a                __vector_22
                0x0000024a                __vector_63
                0x0000024a                __vector_28
                0x0000024a                __vector_67
                0x0000024a                __vector_1
                0x0000024a                __vector_119
                0x0000024a                __vector_32
                0x0000024a                __vector_75
                0x0000024a                __vector_71
                0x0000024a                __vector_91
                0x0000024a                __vector_34
                0x0000024a                __vector_62
                0x0000024a                __vector_77
                0x0000024a                __vector_102
                0x0000024a                __vector_24
                0x0000024a                __vector_12
                0x0000024a                __vector_55
                0x0000024a                __vector_69
                0x0000024a                __vector_81
                0x0000024a                __vector_90
                0x0000024a                __vector_46
                0x0000024a                __bad_interrupt
                0x0000024a                __vector_122
                0x0000024a                __vector_72
                0x0000024a                __vector_114
                0x0000024a                __vector_6
                0x0000024a                __vector_110
                0x0000024a                __vector_31
                0x0000024a                __vector_92
                0x0000024a                __vector_35
                0x0000024a                __vector_78
                0x0000024a                __vector_74
                0x0000024a                __vector_117
                0x0000024a                __vector_39
                0x0000024a                __vector_107
                0x0000024a                __vector_3
                0x0000024a                __vector_105
                0x0000024a                __vector_98
                0x0000024a                __vector_23
                0x0000024a                __vector_68
                0x0000024a                __vector_30
                0x0000024a                __vector_73
                0x0000024a                __vector_45
                0x0000024a                __vector_25
                0x0000024a                __vector_93
                0x0000024a                __vector_61
                0x0000024a                __vector_11
                0x0000024a                __vector_54
                0x0000024a                __vector_99
                0x0000024a                __vector_13
                0x0000024a                __vector_17
                0x0000024a                __vector_19
                0x0000024a                __vector_56
                0x0000024a                __vector_7
                0x0000024a                __vector_49
                0x0000024a                __vector_123
                0x0000024a                __vector_41
                0x0000024a                __vector_86
                0x0000024a                __vector_100
                0x0000024a                __vector_101
                0x0000024a                __vector_64
                0x0000024a                __vector_88
                0x0000024a                __vector_109
                0x0000024a                __vector_43
                0x0000024a                __vector_27
                0x0000024a                __vector_5
                0x0000024a                __vector_113
                0x0000024a                __vector_33
                0x0000024a                __vector_76
                0x0000024a                __vector_115
                0x0000024a                __vector_47
                0x0000024a                __vector_52
                0x0000024a                __vector_37
                0x0000024a                __vector_95
                0x0000024a                __vector_103
                0x0000024a                __vector_96
                0x0000024a                __vector_89
                0x0000024a                __vector_108
                0x0000024a                __vector_4
                0x0000024a                __vector_44
                0x0000024a                __vector_82
                0x0000024a                __vector_106
                0x0000024a                __vector_118
                0x0000024a                __vector_51
                0x0000024a                __vector_9
                0x0000024a                __vector_2
                0x0000024a                __vector_21
                0x0000024a                __vector_15
                0x0000024a                __vector_66
                0x0000024a                __vector_36
                0x0000024a                __vector_79
                0x0000024a                __vector_58
                0x0000024a                __vector_70
                0x0000024a                __vector_83
                0x0000024a                __vector_29
                0x0000024a                __vector_60
                0x0000024a                __vector_121
                0x0000024a                __vector_40
                0x0000024a                __vector_85
                0x0000024a                __vector_94
                0x0000024a                __vector_8
                0x0000024a                __vector_26
                0x0000024a                __vector_48
                0x0000024a                __vector_124
                0x0000024a                __vector_116
                0x0000024a                __vector_112
                0x0000024a                __vector_111
                0x0000024a                __vector_80
                0x0000024a                __vector_14
                0x0000024a                __vector_84
                0x0000024a                __vector_57
                0x0000024a                __vector_53
                0x0000024a                __vector_10
                0x0000024a                __vector_50
                0x0000024a                __vector_16
                0x0000024a                __vector_59
                0x0000024a                __vector_18
                0x0000024a                __vector_97
                0x0000024a                __vector_20
                0x0000024a                __vector_42
                0x0000024a                __vector_87
                0x0000024a                __vector_65
                0x0000024a                __vector_120
                0x0000024c                . = ALIGN (0x2)
 *(.text.*)
 .text.sysclk_init
                0x0000024c       0x7c src/asf/common/services/clock/xmega/sysclk.o
                0x0000024c                sysclk_init
 .text.sysclk_enable_module
                0x000002c8       0x18 src/asf/common/services/clock/xmega/sysclk.o
                0x000002c8                sysclk_enable_module
 .text._read    0x000002e0       0x32 src/asf/common/utils/stdio/read.o
                0x000002e0                _read
 .text._write   0x00000312       0x2c src/asf/common/utils/stdio/write.o
                0x00000312                _write
 .text.board_init
                0x0000033e       0xd8 src/asf/xmega/boards/xmega_a1_xplained/init.o
                0x0000033e                board_init
 .text.ccp_write_io
                0x00000416        0xc src/asf/xmega/drivers/cpu/ccp.o
                0x00000416                ccp_write_io
 .text.ioport_configure_port_pin
                0x00000422       0x4c src/asf/xmega/drivers/ioport/ioport.o
                0x00000422                ioport_configure_port_pin
 .text.usart_putchar
                0x0000046e       0x10 src/asf/xmega/drivers/usart/usart.o
                0x0000046e                usart_putchar
 .text.usart_getchar
                0x0000047e        0xc src/asf/xmega/drivers/usart/usart.o
                0x0000047e                usart_getchar
 .text.usart_set_baudrate
                0x0000048a      0x238 src/asf/xmega/drivers/usart/usart.o
                0x0000048a                usart_set_baudrate
 .text.usart_init_rs232
                0x000006c2       0xd4 src/asf/xmega/drivers/usart/usart.o
                0x000006c2                usart_init_rs232
 .text.usart_serial_getchar
                0x00000796       0x10 src/stdio_serial.o
 .text.usart_serial_putchar
                0x000007a6        0x4 src/stdio_serial.o
 .text.DelaySec
                0x000007aa       0x74 src/stdio_serial.o
                0x000007aa                DelaySec
 .text.init     0x0000081e       0x76 src/stdio_serial.o
                0x0000081e                init
 .text.main     0x00000894      0x516 src/stdio_serial.o
                0x00000894                main
 .text.libgcc   0x00000daa       0x44 c:/program files (x86)/atmel/atmel studio 6.0/extensions/atmel/avrgcc/3.4.1.95/avrtoolchain/bin/../lib/gcc/avr/4.6.2/avrxmega7\libgcc.a(_udivmodsi4.o)
                0x00000daa                __udivmodsi4
 .text.avr-libc
                0x00000dee       0x92 c:/program files (x86)/atmel/atmel studio 6.0/extensions/atmel/avrgcc/3.4.1.95/avrtoolchain/bin/../lib/gcc/avr/4.6.2/../../../../avr/lib/avrxmega7\libc.a(fdevopen.o)
                0x00000dee                fdevopen
 .text.avr-libc
                0x00000e80       0x22 c:/program files (x86)/atmel/atmel studio 6.0/extensions/atmel/avrgcc/3.4.1.95/avrtoolchain/bin/../lib/gcc/avr/4.6.2/../../../../avr/lib/avrxmega7\libc.a(printf.o)
                0x00000e80                printf
 .text.avr-libc
                0x00000ea2        0xa c:/program files (x86)/atmel/atmel studio 6.0/extensions/atmel/avrgcc/3.4.1.95/avrtoolchain/bin/../lib/gcc/avr/4.6.2/../../../../avr/lib/avrxmega7\libc.a(putchar.o)
                0x00000ea2                putchar
 .text.avr-libc
                0x00000eac       0x22 c:/program files (x86)/atmel/atmel studio 6.0/extensions/atmel/avrgcc/3.4.1.95/avrtoolchain/bin/../lib/gcc/avr/4.6.2/../../../../avr/lib/avrxmega7\libc.a(scanf.o)
                0x00000eac                scanf
 .text.avr-libc
                0x00000ece      0x3e8 c:/program files (x86)/atmel/atmel studio 6.0/extensions/atmel/avrgcc/3.4.1.95/avrtoolchain/bin/../lib/gcc/avr/4.6.2/../../../../avr/lib/avrxmega7\libc.a(vfprintf_std.o)
                0x00000ece                vfprintf
 .text.avr-libc
                0x000012b6      0x560 c:/program files (x86)/atmel/atmel studio 6.0/extensions/atmel/avrgcc/3.4.1.95/avrtoolchain/bin/../lib/gcc/avr/4.6.2/../../../../avr/lib/avrxmega7\libc.a(vfscanf_std.o)
                0x000015d8                vfscanf
 .text.avr-libc
                0x00001816       0x38 c:/program files (x86)/atmel/atmel studio 6.0/extensions/atmel/avrgcc/3.4.1.95/avrtoolchain/bin/../lib/gcc/avr/4.6.2/../../../../avr/lib/avrxmega7\libc.a(calloc.o)
                0x00001816                calloc
 .text.avr-libc
                0x0000184e      0x25e c:/program files (x86)/atmel/atmel studio 6.0/extensions/atmel/avrgcc/3.4.1.95/avrtoolchain/bin/../lib/gcc/avr/4.6.2/../../../../avr/lib/avrxmega7\libc.a(malloc.o)
                0x0000184e                malloc
                0x0000197a                free
 .text.avr-libc
                0x00001aac       0x10 c:/program files (x86)/atmel/atmel studio 6.0/extensions/atmel/avrgcc/3.4.1.95/avrtoolchain/bin/../lib/gcc/avr/4.6.2/../../../../avr/lib/avrxmega7\libc.a(isspace.o)
                0x00001aac                isspace
 .text.avr-libc
                0x00001abc       0x16 c:/program files (x86)/atmel/atmel studio 6.0/extensions/atmel/avrgcc/3.4.1.95/avrtoolchain/bin/../lib/gcc/avr/4.6.2/../../../../avr/lib/avrxmega7\libc.a(strchr_P.o)
                0x00001abc                strchr_P
 .text.avr-libc
                0x00001ad2       0x16 c:/program files (x86)/atmel/atmel studio 6.0/extensions/atmel/avrgcc/3.4.1.95/avrtoolchain/bin/../lib/gcc/avr/4.6.2/../../../../avr/lib/avrxmega7\libc.a(strnlen_P.o)
                0x00001ad2                strnlen_P
 .text.avr-libc
                0x00001ae8        0xe c:/program files (x86)/atmel/atmel studio 6.0/extensions/atmel/avrgcc/3.4.1.95/avrtoolchain/bin/../lib/gcc/avr/4.6.2/../../../../avr/lib/avrxmega7\libc.a(memset.o)
                0x00001ae8                memset
 .text.avr-libc
                0x00001af6       0x16 c:/program files (x86)/atmel/atmel studio 6.0/extensions/atmel/avrgcc/3.4.1.95/avrtoolchain/bin/../lib/gcc/avr/4.6.2/../../../../avr/lib/avrxmega7\libc.a(strnlen.o)
                0x00001af6                strnlen
 .text.avr-libc
                0x00001b0c       0x80 c:/program files (x86)/atmel/atmel studio 6.0/extensions/atmel/avrgcc/3.4.1.95/avrtoolchain/bin/../lib/gcc/avr/4.6.2/../../../../avr/lib/avrxmega7\libc.a(fgetc.o)
                0x00001b0c                fgetc
 .text.avr-libc
                0x00001b8c       0x58 c:/program files (x86)/atmel/atmel studio 6.0/extensions/atmel/avrgcc/3.4.1.95/avrtoolchain/bin/../lib/gcc/avr/4.6.2/../../../../avr/lib/avrxmega7\libc.a(fputc.o)
                0x00001b8c                fputc
 .text.avr-libc
                0x00001be4       0x3a c:/program files (x86)/atmel/atmel studio 6.0/extensions/atmel/avrgcc/3.4.1.95/avrtoolchain/bin/../lib/gcc/avr/4.6.2/../../../../avr/lib/avrxmega7\libc.a(ungetc.o)
                0x00001be4                ungetc
 .text.avr-libc
                0x00001c1e       0xbc c:/program files (x86)/atmel/atmel studio 6.0/extensions/atmel/avrgcc/3.4.1.95/avrtoolchain/bin/../lib/gcc/avr/4.6.2/../../../../avr/lib/avrxmega7\libc.a(ultoa_invert.o)
                0x00001c1e                __ultoa_invert
 .text.avr-libc
                0x00001cda        0x6 c:/program files (x86)/atmel/atmel studio 6.0/extensions/atmel/avrgcc/3.4.1.95/avrtoolchain/bin/../lib/gcc/avr/4.6.2/../../../../avr/lib/avrxmega7\libc.a(cty_isfalse.o)
                0x00001cda                __ctype_isfalse
                0x00001cde                __ctype_istrue
                0x00001ce0                . = ALIGN (0x2)
 *(.fini9)
 .fini9         0x00001ce0        0x0 c:/program files (x86)/atmel/atmel studio 6.0/extensions/atmel/avrgcc/3.4.1.95/avrtoolchain/bin/../lib/gcc/avr/4.6.2/avrxmega7\libgcc.a(_exit.o)
                0x00001ce0                _exit
                0x00001ce0                exit
 *(.fini9)
 *(.fini8)
 *(.fini8)
 *(.fini7)
 *(.fini7)
 *(.fini6)
 *(.fini6)
 *(.fini5)
 *(.fini5)
 *(.fini4)
 *(.fini4)
 *(.fini3)
 *(.fini3)
 *(.fini2)
 *(.fini2)
 *(.fini1)
 *(.fini1)
 *(.fini0)
 .fini0         0x00001ce0        0x4 c:/program files (x86)/atmel/atmel studio 6.0/extensions/atmel/avrgcc/3.4.1.95/avrtoolchain/bin/../lib/gcc/avr/4.6.2/avrxmega7\libgcc.a(_exit.o)
 *(.fini0)
                0x00001ce4                _etext = .

.data           0x00802000       0x2e load address 0x00001ce4
                0x00802000                PROVIDE (__data_start, .)
 *(.data)
 .data          0x00802000        0x0 c:/program files (x86)/atmel/atmel studio 6.0/extensions/atmel/avrgcc/3.4.1.95/avrtoolchain/bin/../lib/gcc/avr/4.6.2/../../../../avr/lib/avrxmega7/crtx128a1.o
 .data          0x00802000        0x0 src/asf/common/services/clock/xmega/sysclk.o
 .data          0x00802000        0x0 src/asf/common/services/serial/usart_serial.o
 .data          0x00802000        0x0 src/asf/common/utils/stdio/read.o
 .data          0x00802000        0x0 src/asf/common/utils/stdio/write.o
 .data          0x00802000        0x0 src/asf/xmega/boards/xmega_a1_xplained/init.o
 .data          0x00802000        0x0 src/asf/xmega/drivers/cpu/ccp.o
 .data          0x00802000        0x0 src/asf/xmega/drivers/ioport/ioport.o
 .data          0x00802000        0x0 src/asf/xmega/drivers/usart/usart.o
 .data          0x00802000       0x27 src/stdio_serial.o
 .data          0x00802027        0x0 c:/program files (x86)/atmel/atmel studio 6.0/extensions/atmel/avrgcc/3.4.1.95/avrtoolchain/bin/../lib/gcc/avr/4.6.2/avrxmega7\libgcc.a(_udivmodsi4.o)
 .data          0x00802027        0x0 c:/program files (x86)/atmel/atmel studio 6.0/extensions/atmel/avrgcc/3.4.1.95/avrtoolchain/bin/../lib/gcc/avr/4.6.2/avrxmega7\libgcc.a(_exit.o)
 .data          0x00802027        0x0 c:/program files (x86)/atmel/atmel studio 6.0/extensions/atmel/avrgcc/3.4.1.95/avrtoolchain/bin/../lib/gcc/avr/4.6.2/avrxmega7\libgcc.a(_copy_data.o)
 .data          0x00802027        0x0 c:/program files (x86)/atmel/atmel studio 6.0/extensions/atmel/avrgcc/3.4.1.95/avrtoolchain/bin/../lib/gcc/avr/4.6.2/avrxmega7\libgcc.a(_clear_bss.o)
 .data          0x00802027        0x0 c:/program files (x86)/atmel/atmel studio 6.0/extensions/atmel/avrgcc/3.4.1.95/avrtoolchain/bin/../lib/gcc/avr/4.6.2/../../../../avr/lib/avrxmega7\libc.a(fdevopen.o)
 .data          0x00802027        0x0 c:/program files (x86)/atmel/atmel studio 6.0/extensions/atmel/avrgcc/3.4.1.95/avrtoolchain/bin/../lib/gcc/avr/4.6.2/../../../../avr/lib/avrxmega7\libc.a(iob.o)
 .data          0x00802027        0x0 c:/program files (x86)/atmel/atmel studio 6.0/extensions/atmel/avrgcc/3.4.1.95/avrtoolchain/bin/../lib/gcc/avr/4.6.2/../../../../avr/lib/avrxmega7\libc.a(printf.o)
 .data          0x00802027        0x0 c:/program files (x86)/atmel/atmel studio 6.0/extensions/atmel/avrgcc/3.4.1.95/avrtoolchain/bin/../lib/gcc/avr/4.6.2/../../../../avr/lib/avrxmega7\libc.a(putchar.o)
 .data          0x00802027        0x0 c:/program files (x86)/atmel/atmel studio 6.0/extensions/atmel/avrgcc/3.4.1.95/avrtoolchain/bin/../lib/gcc/avr/4.6.2/../../../../avr/lib/avrxmega7\libc.a(scanf.o)
 .data          0x00802027        0x0 c:/program files (x86)/atmel/atmel studio 6.0/extensions/atmel/avrgcc/3.4.1.95/avrtoolchain/bin/../lib/gcc/avr/4.6.2/../../../../avr/lib/avrxmega7\libc.a(vfprintf_std.o)
 .data          0x00802027        0x0 c:/program files (x86)/atmel/atmel studio 6.0/extensions/atmel/avrgcc/3.4.1.95/avrtoolchain/bin/../lib/gcc/avr/4.6.2/../../../../avr/lib/avrxmega7\libc.a(vfscanf_std.o)
 .data          0x00802027        0x0 c:/program files (x86)/atmel/atmel studio 6.0/extensions/atmel/avrgcc/3.4.1.95/avrtoolchain/bin/../lib/gcc/avr/4.6.2/../../../../avr/lib/avrxmega7\libc.a(calloc.o)
 .data          0x00802027        0x6 c:/program files (x86)/atmel/atmel studio 6.0/extensions/atmel/avrgcc/3.4.1.95/avrtoolchain/bin/../lib/gcc/avr/4.6.2/../../../../avr/lib/avrxmega7\libc.a(malloc.o)
                0x00802027                __malloc_heap_end
                0x00802029                __malloc_heap_start
                0x0080202b                __malloc_margin
 .data          0x0080202d        0x0 c:/program files (x86)/atmel/atmel studio 6.0/extensions/atmel/avrgcc/3.4.1.95/avrtoolchain/bin/../lib/gcc/avr/4.6.2/../../../../avr/lib/avrxmega7\libc.a(isspace.o)
 .data          0x0080202d        0x0 c:/program files (x86)/atmel/atmel studio 6.0/extensions/atmel/avrgcc/3.4.1.95/avrtoolchain/bin/../lib/gcc/avr/4.6.2/../../../../avr/lib/avrxmega7\libc.a(strchr_P.o)
 .data          0x0080202d        0x0 c:/program files (x86)/atmel/atmel studio 6.0/extensions/atmel/avrgcc/3.4.1.95/avrtoolchain/bin/../lib/gcc/avr/4.6.2/../../../../avr/lib/avrxmega7\libc.a(strnlen_P.o)
 .data          0x0080202d        0x0 c:/program files (x86)/atmel/atmel studio 6.0/extensions/atmel/avrgcc/3.4.1.95/avrtoolchain/bin/../lib/gcc/avr/4.6.2/../../../../avr/lib/avrxmega7\libc.a(memset.o)
 .data          0x0080202d        0x0 c:/program files (x86)/atmel/atmel studio 6.0/extensions/atmel/avrgcc/3.4.1.95/avrtoolchain/bin/../lib/gcc/avr/4.6.2/../../../../avr/lib/avrxmega7\libc.a(strnlen.o)
 .data          0x0080202d        0x0 c:/program files (x86)/atmel/atmel studio 6.0/extensions/atmel/avrgcc/3.4.1.95/avrtoolchain/bin/../lib/gcc/avr/4.6.2/../../../../avr/lib/avrxmega7\libc.a(fgetc.o)
 .data          0x0080202d        0x0 c:/program files (x86)/atmel/atmel studio 6.0/extensions/atmel/avrgcc/3.4.1.95/avrtoolchain/bin/../lib/gcc/avr/4.6.2/../../../../avr/lib/avrxmega7\libc.a(fputc.o)
 .data          0x0080202d        0x0 c:/program files (x86)/atmel/atmel studio 6.0/extensions/atmel/avrgcc/3.4.1.95/avrtoolchain/bin/../lib/gcc/avr/4.6.2/../../../../avr/lib/avrxmega7\libc.a(ungetc.o)
 .data          0x0080202d        0x0 c:/program files (x86)/atmel/atmel studio 6.0/extensions/atmel/avrgcc/3.4.1.95/avrtoolchain/bin/../lib/gcc/avr/4.6.2/../../../../avr/lib/avrxmega7\libc.a(ultoa_invert.o)
 .data          0x0080202d        0x0 c:/program files (x86)/atmel/atmel studio 6.0/extensions/atmel/avrgcc/3.4.1.95/avrtoolchain/bin/../lib/gcc/avr/4.6.2/../../../../avr/lib/avrxmega7\libc.a(cty_isfalse.o)
 *(.data*)
 *(.rodata)
 *(.rodata*)
 *(.gnu.linkonce.d*)
                0x0080202e                . = ALIGN (0x2)
 *fill*         0x0080202d        0x1 00
                0x0080202e                _edata = .
                0x0080202e                PROVIDE (__data_end, .)

.bss            0x0080202e       0x10
                0x0080202e                PROVIDE (__bss_start, .)
 *(.bss)
 *(.bss*)
 *(COMMON)
 COMMON         0x0080202e        0x2 src/asf/common/utils/stdio/read.o
                0x0080202e                ptr_get
 COMMON         0x00802030        0x4 src/asf/common/utils/stdio/write.o
                0x00802030                ptr_put
                0x00802032                stdio_base
 COMMON         0x00802034        0x6 c:/program files (x86)/atmel/atmel studio 6.0/extensions/atmel/avrgcc/3.4.1.95/avrtoolchain/bin/../lib/gcc/avr/4.6.2/../../../../avr/lib/avrxmega7\libc.a(iob.o)
                0x00802034                __iob
 COMMON         0x0080203a        0x4 c:/program files (x86)/atmel/atmel studio 6.0/extensions/atmel/avrgcc/3.4.1.95/avrtoolchain/bin/../lib/gcc/avr/4.6.2/../../../../avr/lib/avrxmega7\libc.a(malloc.o)
                0x0080203a                __brkval
                0x0080203c                __flp
                0x0080203e                PROVIDE (__bss_end, .)
                0x00001ce4                __data_load_start = LOADADDR (.data)
                0x00001d12                __data_load_end = (__data_load_start + SIZEOF (.data))

.noinit         0x0080203e        0x0
                0x0080203e                PROVIDE (__noinit_start, .)
 *(.noinit*)
                0x0080203e                PROVIDE (__noinit_end, .)
                0x0080203e                _end = .
                0x0080203e                PROVIDE (__heap_start, .)

.eeprom         0x00810000        0x0
 *(.eeprom*)
                0x00810000                __eeprom_end = .

.fuse
 *(.fuse)
 *(.lfuse)
 *(.hfuse)
 *(.efuse)

.lock
 *(.lock*)

.signature
 *(.signature*)

.stab           0x00000000      0xed0
 *(.stab)
 .stab          0x00000000      0x714 c:/program files (x86)/atmel/atmel studio 6.0/extensions/atmel/avrgcc/3.4.1.95/avrtoolchain/bin/../lib/gcc/avr/4.6.2/../../../../avr/lib/avrxmega7/crtx128a1.o
 .stab          0x00000714       0x9c c:/program files (x86)/atmel/atmel studio 6.0/extensions/atmel/avrgcc/3.4.1.95/avrtoolchain/bin/../lib/gcc/avr/4.6.2/../../../../avr/lib/avrxmega7\libc.a(isspace.o)
                                 0xa8 (size before relaxing)
 .stab          0x000007b0       0x9c c:/program files (x86)/atmel/atmel studio 6.0/extensions/atmel/avrgcc/3.4.1.95/avrtoolchain/bin/../lib/gcc/avr/4.6.2/../../../../avr/lib/avrxmega7\libc.a(strchr_P.o)
                                 0xa8 (size before relaxing)
 .stab          0x0000084c       0x9c c:/program files (x86)/atmel/atmel studio 6.0/extensions/atmel/avrgcc/3.4.1.95/avrtoolchain/bin/../lib/gcc/avr/4.6.2/../../../../avr/lib/avrxmega7\libc.a(strnlen_P.o)
                                 0xa8 (size before relaxing)
 .stab          0x000008e8       0x6c c:/program files (x86)/atmel/atmel studio 6.0/extensions/atmel/avrgcc/3.4.1.95/avrtoolchain/bin/../lib/gcc/avr/4.6.2/../../../../avr/lib/avrxmega7\libc.a(memset.o)
                                 0x78 (size before relaxing)
 .stab          0x00000954       0x9c c:/program files (x86)/atmel/atmel studio 6.0/extensions/atmel/avrgcc/3.4.1.95/avrtoolchain/bin/../lib/gcc/avr/4.6.2/../../../../avr/lib/avrxmega7\libc.a(strnlen.o)
                                 0xa8 (size before relaxing)
 .stab          0x000009f0      0x480 c:/program files (x86)/atmel/atmel studio 6.0/extensions/atmel/avrgcc/3.4.1.95/avrtoolchain/bin/../lib/gcc/avr/4.6.2/../../../../avr/lib/avrxmega7\libc.a(ultoa_invert.o)
                                0x48c (size before relaxing)
 .stab          0x00000e70       0x60 c:/program files (x86)/atmel/atmel studio 6.0/extensions/atmel/avrgcc/3.4.1.95/avrtoolchain/bin/../lib/gcc/avr/4.6.2/../../../../avr/lib/avrxmega7\libc.a(cty_isfalse.o)
                                 0x6c (size before relaxing)

.stabstr        0x00000000      0x30d
 *(.stabstr)
 .stabstr       0x00000000      0x30d c:/program files (x86)/atmel/atmel studio 6.0/extensions/atmel/avrgcc/3.4.1.95/avrtoolchain/bin/../lib/gcc/avr/4.6.2/../../../../avr/lib/avrxmega7/crtx128a1.o

.stab.excl
 *(.stab.excl)

.stab.exclstr
 *(.stab.exclstr)

.stab.index
 *(.stab.index)

.stab.indexstr
 *(.stab.indexstr)

.comment
 *(.comment)

.debug
 *(.debug)

.line
 *(.line)

.debug_srcinfo
 *(.debug_srcinfo)

.debug_sfnames
 *(.debug_sfnames)

.debug_aranges  0x00000000      0x3a0
 *(.debug_aranges)
 .debug_aranges
                0x00000000       0x30 src/asf/common/services/clock/xmega/sysclk.o
 .debug_aranges
                0x00000030       0x28 src/asf/common/services/serial/usart_serial.o
 .debug_aranges
                0x00000058       0x20 src/asf/common/utils/stdio/read.o
 .debug_aranges
                0x00000078       0x20 src/asf/common/utils/stdio/write.o
 .debug_aranges
                0x00000098       0x20 src/asf/xmega/boards/xmega_a1_xplained/init.o
 .debug_aranges
                0x000000b8       0x20 src/asf/xmega/drivers/cpu/ccp.o
 .debug_aranges
                0x000000d8       0x20 src/asf/xmega/drivers/ioport/ioport.o
 .debug_aranges
                0x000000f8       0x58 src/asf/xmega/drivers/usart/usart.o
 .debug_aranges
                0x00000150       0x40 src/stdio_serial.o
 .debug_aranges
                0x00000190       0x20 c:/program files (x86)/atmel/atmel studio 6.0/extensions/atmel/avrgcc/3.4.1.95/avrtoolchain/bin/../lib/gcc/avr/4.6.2/avrxmega7\libgcc.a(_udivmodsi4.o)
 .debug_aranges
                0x000001b0       0x20 c:/program files (x86)/atmel/atmel studio 6.0/extensions/atmel/avrgcc/3.4.1.95/avrtoolchain/bin/../lib/gcc/avr/4.6.2/avrxmega7\libgcc.a(_exit.o)
 .debug_aranges
                0x000001d0       0x20 c:/program files (x86)/atmel/atmel studio 6.0/extensions/atmel/avrgcc/3.4.1.95/avrtoolchain/bin/../lib/gcc/avr/4.6.2/avrxmega7\libgcc.a(_copy_data.o)
 .debug_aranges
                0x000001f0       0x20 c:/program files (x86)/atmel/atmel studio 6.0/extensions/atmel/avrgcc/3.4.1.95/avrtoolchain/bin/../lib/gcc/avr/4.6.2/avrxmega7\libgcc.a(_clear_bss.o)
 .debug_aranges
                0x00000210       0x20 c:/program files (x86)/atmel/atmel studio 6.0/extensions/atmel/avrgcc/3.4.1.95/avrtoolchain/bin/../lib/gcc/avr/4.6.2/../../../../avr/lib/avrxmega7\libc.a(fdevopen.o)
 .debug_aranges
                0x00000230       0x20 c:/program files (x86)/atmel/atmel studio 6.0/extensions/atmel/avrgcc/3.4.1.95/avrtoolchain/bin/../lib/gcc/avr/4.6.2/../../../../avr/lib/avrxmega7\libc.a(printf.o)
 .debug_aranges
                0x00000250       0x20 c:/program files (x86)/atmel/atmel studio 6.0/extensions/atmel/avrgcc/3.4.1.95/avrtoolchain/bin/../lib/gcc/avr/4.6.2/../../../../avr/lib/avrxmega7\libc.a(putchar.o)
 .debug_aranges
                0x00000270       0x20 c:/program files (x86)/atmel/atmel studio 6.0/extensions/atmel/avrgcc/3.4.1.95/avrtoolchain/bin/../lib/gcc/avr/4.6.2/../../../../avr/lib/avrxmega7\libc.a(scanf.o)
 .debug_aranges
                0x00000290       0x20 c:/program files (x86)/atmel/atmel studio 6.0/extensions/atmel/avrgcc/3.4.1.95/avrtoolchain/bin/../lib/gcc/avr/4.6.2/../../../../avr/lib/avrxmega7\libc.a(vfprintf_std.o)
 .debug_aranges
                0x000002b0       0x48 c:/program files (x86)/atmel/atmel studio 6.0/extensions/atmel/avrgcc/3.4.1.95/avrtoolchain/bin/../lib/gcc/avr/4.6.2/../../../../avr/lib/avrxmega7\libc.a(vfscanf_std.o)
 .debug_aranges
                0x000002f8       0x20 c:/program files (x86)/atmel/atmel studio 6.0/extensions/atmel/avrgcc/3.4.1.95/avrtoolchain/bin/../lib/gcc/avr/4.6.2/../../../../avr/lib/avrxmega7\libc.a(calloc.o)
 .debug_aranges
                0x00000318       0x28 c:/program files (x86)/atmel/atmel studio 6.0/extensions/atmel/avrgcc/3.4.1.95/avrtoolchain/bin/../lib/gcc/avr/4.6.2/../../../../avr/lib/avrxmega7\libc.a(malloc.o)
 .debug_aranges
                0x00000340       0x20 c:/program files (x86)/atmel/atmel studio 6.0/extensions/atmel/avrgcc/3.4.1.95/avrtoolchain/bin/../lib/gcc/avr/4.6.2/../../../../avr/lib/avrxmega7\libc.a(fgetc.o)
 .debug_aranges
                0x00000360       0x20 c:/program files (x86)/atmel/atmel studio 6.0/extensions/atmel/avrgcc/3.4.1.95/avrtoolchain/bin/../lib/gcc/avr/4.6.2/../../../../avr/lib/avrxmega7\libc.a(fputc.o)
 .debug_aranges
                0x00000380       0x20 c:/program files (x86)/atmel/atmel studio 6.0/extensions/atmel/avrgcc/3.4.1.95/avrtoolchain/bin/../lib/gcc/avr/4.6.2/../../../../avr/lib/avrxmega7\libc.a(ungetc.o)

.debug_pubnames
 *(.debug_pubnames)

.debug_info     0x00000000     0x4230
 *(.debug_info)
 .debug_info    0x00000000      0x8f5 src/asf/common/services/clock/xmega/sysclk.o
 .debug_info    0x000008f5      0x285 src/asf/common/services/serial/usart_serial.o
 .debug_info    0x00000b7a      0x11c src/asf/common/utils/stdio/read.o
 .debug_info    0x00000c96      0x12c src/asf/common/utils/stdio/write.o
 .debug_info    0x00000dc2      0x509 src/asf/xmega/boards/xmega_a1_xplained/init.o
 .debug_info    0x000012cb       0x81 src/asf/xmega/drivers/cpu/ccp.o
 .debug_info    0x0000134c      0x106 src/asf/xmega/drivers/ioport/ioport.o
 .debug_info    0x00001452      0xc2b src/asf/xmega/drivers/usart/usart.o
 .debug_info    0x0000207d      0x602 src/stdio_serial.o
 .debug_info    0x0000267f       0xe2 c:/program files (x86)/atmel/atmel studio 6.0/extensions/atmel/avrgcc/3.4.1.95/avrtoolchain/bin/../lib/gcc/avr/4.6.2/avrxmega7\libgcc.a(_udivmodsi4.o)
 .debug_info    0x00002761       0xe2 c:/program files (x86)/atmel/atmel studio 6.0/extensions/atmel/avrgcc/3.4.1.95/avrtoolchain/bin/../lib/gcc/avr/4.6.2/avrxmega7\libgcc.a(_exit.o)
 .debug_info    0x00002843       0xe2 c:/program files (x86)/atmel/atmel studio 6.0/extensions/atmel/avrgcc/3.4.1.95/avrtoolchain/bin/../lib/gcc/avr/4.6.2/avrxmega7\libgcc.a(_copy_data.o)
 .debug_info    0x00002925       0xe2 c:/program files (x86)/atmel/atmel studio 6.0/extensions/atmel/avrgcc/3.4.1.95/avrtoolchain/bin/../lib/gcc/avr/4.6.2/avrxmega7\libgcc.a(_clear_bss.o)
 .debug_info    0x00002a07      0x1a1 c:/program files (x86)/atmel/atmel studio 6.0/extensions/atmel/avrgcc/3.4.1.95/avrtoolchain/bin/../lib/gcc/avr/4.6.2/../../../../avr/lib/avrxmega7\libc.a(fdevopen.o)
 .debug_info    0x00002ba8      0x14f c:/program files (x86)/atmel/atmel studio 6.0/extensions/atmel/avrgcc/3.4.1.95/avrtoolchain/bin/../lib/gcc/avr/4.6.2/../../../../avr/lib/avrxmega7\libc.a(iob.o)
 .debug_info    0x00002cf7      0x1c6 c:/program files (x86)/atmel/atmel studio 6.0/extensions/atmel/avrgcc/3.4.1.95/avrtoolchain/bin/../lib/gcc/avr/4.6.2/../../../../avr/lib/avrxmega7\libc.a(printf.o)
 .debug_info    0x00002ebd      0x183 c:/program files (x86)/atmel/atmel studio 6.0/extensions/atmel/avrgcc/3.4.1.95/avrtoolchain/bin/../lib/gcc/avr/4.6.2/../../../../avr/lib/avrxmega7\libc.a(putchar.o)
 .debug_info    0x00003040      0x1c6 c:/program files (x86)/atmel/atmel studio 6.0/extensions/atmel/avrgcc/3.4.1.95/avrtoolchain/bin/../lib/gcc/avr/4.6.2/../../../../avr/lib/avrxmega7\libc.a(scanf.o)
 .debug_info    0x00003206      0x342 c:/program files (x86)/atmel/atmel studio 6.0/extensions/atmel/avrgcc/3.4.1.95/avrtoolchain/bin/../lib/gcc/avr/4.6.2/../../../../avr/lib/avrxmega7\libc.a(vfprintf_std.o)
 .debug_info    0x00003548      0x588 c:/program files (x86)/atmel/atmel studio 6.0/extensions/atmel/avrgcc/3.4.1.95/avrtoolchain/bin/../lib/gcc/avr/4.6.2/../../../../avr/lib/avrxmega7\libc.a(vfscanf_std.o)
 .debug_info    0x00003ad0       0x91 c:/program files (x86)/atmel/atmel studio 6.0/extensions/atmel/avrgcc/3.4.1.95/avrtoolchain/bin/../lib/gcc/avr/4.6.2/../../../../avr/lib/avrxmega7\libc.a(calloc.o)
 .debug_info    0x00003b61      0x296 c:/program files (x86)/atmel/atmel studio 6.0/extensions/atmel/avrgcc/3.4.1.95/avrtoolchain/bin/../lib/gcc/avr/4.6.2/../../../../avr/lib/avrxmega7\libc.a(malloc.o)
 .debug_info    0x00003df7      0x168 c:/program files (x86)/atmel/atmel studio 6.0/extensions/atmel/avrgcc/3.4.1.95/avrtoolchain/bin/../lib/gcc/avr/4.6.2/../../../../avr/lib/avrxmega7\libc.a(fgetc.o)
 .debug_info    0x00003f5f      0x167 c:/program files (x86)/atmel/atmel studio 6.0/extensions/atmel/avrgcc/3.4.1.95/avrtoolchain/bin/../lib/gcc/avr/4.6.2/../../../../avr/lib/avrxmega7\libc.a(fputc.o)
 .debug_info    0x000040c6      0x16a c:/program files (x86)/atmel/atmel studio 6.0/extensions/atmel/avrgcc/3.4.1.95/avrtoolchain/bin/../lib/gcc/avr/4.6.2/../../../../avr/lib/avrxmega7\libc.a(ungetc.o)
 *(.gnu.linkonce.wi.*)

.debug_abbrev   0x00000000     0x1833
 *(.debug_abbrev)
 .debug_abbrev  0x00000000      0x23f src/asf/common/services/clock/xmega/sysclk.o
 .debug_abbrev  0x0000023f       0xeb src/asf/common/services/serial/usart_serial.o
 .debug_abbrev  0x0000032a       0xac src/asf/common/utils/stdio/read.o
 .debug_abbrev  0x000003d6       0x9f src/asf/common/utils/stdio/write.o
 .debug_abbrev  0x00000475      0x10a src/asf/xmega/boards/xmega_a1_xplained/init.o
 .debug_abbrev  0x0000057f       0x14 src/asf/xmega/drivers/cpu/ccp.o
 .debug_abbrev  0x00000593       0x77 src/asf/xmega/drivers/ioport/ioport.o
 .debug_abbrev  0x0000060a      0x311 src/asf/xmega/drivers/usart/usart.o
 .debug_abbrev  0x0000091b      0x28f src/stdio_serial.o
 .debug_abbrev  0x00000baa       0x14 c:/program files (x86)/atmel/atmel studio 6.0/extensions/atmel/avrgcc/3.4.1.95/avrtoolchain/bin/../lib/gcc/avr/4.6.2/avrxmega7\libgcc.a(_udivmodsi4.o)
 .debug_abbrev  0x00000bbe       0x14 c:/program files (x86)/atmel/atmel studio 6.0/extensions/atmel/avrgcc/3.4.1.95/avrtoolchain/bin/../lib/gcc/avr/4.6.2/avrxmega7\libgcc.a(_exit.o)
 .debug_abbrev  0x00000bd2       0x14 c:/program files (x86)/atmel/atmel studio 6.0/extensions/atmel/avrgcc/3.4.1.95/avrtoolchain/bin/../lib/gcc/avr/4.6.2/avrxmega7\libgcc.a(_copy_data.o)
 .debug_abbrev  0x00000be6       0x14 c:/program files (x86)/atmel/atmel studio 6.0/extensions/atmel/avrgcc/3.4.1.95/avrtoolchain/bin/../lib/gcc/avr/4.6.2/avrxmega7\libgcc.a(_clear_bss.o)
 .debug_abbrev  0x00000bfa       0xfa c:/program files (x86)/atmel/atmel studio 6.0/extensions/atmel/avrgcc/3.4.1.95/avrtoolchain/bin/../lib/gcc/avr/4.6.2/../../../../avr/lib/avrxmega7\libc.a(fdevopen.o)
 .debug_abbrev  0x00000cf4       0xc5 c:/program files (x86)/atmel/atmel studio 6.0/extensions/atmel/avrgcc/3.4.1.95/avrtoolchain/bin/../lib/gcc/avr/4.6.2/../../../../avr/lib/avrxmega7\libc.a(iob.o)
 .debug_abbrev  0x00000db9      0x11c c:/program files (x86)/atmel/atmel studio 6.0/extensions/atmel/avrgcc/3.4.1.95/avrtoolchain/bin/../lib/gcc/avr/4.6.2/../../../../avr/lib/avrxmega7\libc.a(printf.o)
 .debug_abbrev  0x00000ed5       0xeb c:/program files (x86)/atmel/atmel studio 6.0/extensions/atmel/avrgcc/3.4.1.95/avrtoolchain/bin/../lib/gcc/avr/4.6.2/../../../../avr/lib/avrxmega7\libc.a(putchar.o)
 .debug_abbrev  0x00000fc0      0x11c c:/program files (x86)/atmel/atmel studio 6.0/extensions/atmel/avrgcc/3.4.1.95/avrtoolchain/bin/../lib/gcc/avr/4.6.2/../../../../avr/lib/avrxmega7\libc.a(scanf.o)
 .debug_abbrev  0x000010dc      0x161 c:/program files (x86)/atmel/atmel studio 6.0/extensions/atmel/avrgcc/3.4.1.95/avrtoolchain/bin/../lib/gcc/avr/4.6.2/../../../../avr/lib/avrxmega7\libc.a(vfprintf_std.o)
 .debug_abbrev  0x0000123d      0x201 c:/program files (x86)/atmel/atmel studio 6.0/extensions/atmel/avrgcc/3.4.1.95/avrtoolchain/bin/../lib/gcc/avr/4.6.2/../../../../avr/lib/avrxmega7\libc.a(vfscanf_std.o)
 .debug_abbrev  0x0000143e       0x75 c:/program files (x86)/atmel/atmel studio 6.0/extensions/atmel/avrgcc/3.4.1.95/avrtoolchain/bin/../lib/gcc/avr/4.6.2/../../../../avr/lib/avrxmega7\libc.a(calloc.o)
 .debug_abbrev  0x000014b3       0xf5 c:/program files (x86)/atmel/atmel studio 6.0/extensions/atmel/avrgcc/3.4.1.95/avrtoolchain/bin/../lib/gcc/avr/4.6.2/../../../../avr/lib/avrxmega7\libc.a(malloc.o)
 .debug_abbrev  0x000015a8       0xd9 c:/program files (x86)/atmel/atmel studio 6.0/extensions/atmel/avrgcc/3.4.1.95/avrtoolchain/bin/../lib/gcc/avr/4.6.2/../../../../avr/lib/avrxmega7\libc.a(fgetc.o)
 .debug_abbrev  0x00001681       0xd9 c:/program files (x86)/atmel/atmel studio 6.0/extensions/atmel/avrgcc/3.4.1.95/avrtoolchain/bin/../lib/gcc/avr/4.6.2/../../../../avr/lib/avrxmega7\libc.a(fputc.o)
 .debug_abbrev  0x0000175a       0xd9 c:/program files (x86)/atmel/atmel studio 6.0/extensions/atmel/avrgcc/3.4.1.95/avrtoolchain/bin/../lib/gcc/avr/4.6.2/../../../../avr/lib/avrxmega7\libc.a(ungetc.o)

.debug_line     0x00000000     0x3e9a
 *(.debug_line)
 .debug_line    0x00000000      0x5bc src/asf/common/services/clock/xmega/sysclk.o
 .debug_line    0x000005bc      0x5df src/asf/common/services/serial/usart_serial.o
 .debug_line    0x00000b9b      0x3eb src/asf/common/utils/stdio/read.o
 .debug_line    0x00000f86      0x3ee src/asf/common/utils/stdio/write.o
 .debug_line    0x00001374      0x487 src/asf/xmega/boards/xmega_a1_xplained/init.o
 .debug_line    0x000017fb       0x54 src/asf/xmega/drivers/cpu/ccp.o
 .debug_line    0x0000184f      0x403 src/asf/xmega/drivers/ioport/ioport.o
 .debug_line    0x00001c52      0x6fe src/asf/xmega/drivers/usart/usart.o
 .debug_line    0x00002350      0x8dd src/stdio_serial.o
 .debug_line    0x00002c2d       0xa8 c:/program files (x86)/atmel/atmel studio 6.0/extensions/atmel/avrgcc/3.4.1.95/avrtoolchain/bin/../lib/gcc/avr/4.6.2/avrxmega7\libgcc.a(_udivmodsi4.o)
 .debug_line    0x00002cd5       0x88 c:/program files (x86)/atmel/atmel studio 6.0/extensions/atmel/avrgcc/3.4.1.95/avrtoolchain/bin/../lib/gcc/avr/4.6.2/avrxmega7\libgcc.a(_exit.o)
 .debug_line    0x00002d5d       0x96 c:/program files (x86)/atmel/atmel studio 6.0/extensions/atmel/avrgcc/3.4.1.95/avrtoolchain/bin/../lib/gcc/avr/4.6.2/avrxmega7\libgcc.a(_copy_data.o)
 .debug_line    0x00002df3       0x8e c:/program files (x86)/atmel/atmel studio 6.0/extensions/atmel/avrgcc/3.4.1.95/avrtoolchain/bin/../lib/gcc/avr/4.6.2/avrxmega7\libgcc.a(_clear_bss.o)
 .debug_line    0x00002e81       0xf8 c:/program files (x86)/atmel/atmel studio 6.0/extensions/atmel/avrgcc/3.4.1.95/avrtoolchain/bin/../lib/gcc/avr/4.6.2/../../../../avr/lib/avrxmega7\libc.a(fdevopen.o)
 .debug_line    0x00002f79       0xc7 c:/program files (x86)/atmel/atmel studio 6.0/extensions/atmel/avrgcc/3.4.1.95/avrtoolchain/bin/../lib/gcc/avr/4.6.2/../../../../avr/lib/avrxmega7\libc.a(iob.o)
 .debug_line    0x00003040      0x151 c:/program files (x86)/atmel/atmel studio 6.0/extensions/atmel/avrgcc/3.4.1.95/avrtoolchain/bin/../lib/gcc/avr/4.6.2/../../../../avr/lib/avrxmega7\libc.a(printf.o)
 .debug_line    0x00003191       0xdc c:/program files (x86)/atmel/atmel studio 6.0/extensions/atmel/avrgcc/3.4.1.95/avrtoolchain/bin/../lib/gcc/avr/4.6.2/../../../../avr/lib/avrxmega7\libc.a(putchar.o)
 .debug_line    0x0000326d      0x150 c:/program files (x86)/atmel/atmel studio 6.0/extensions/atmel/avrgcc/3.4.1.95/avrtoolchain/bin/../lib/gcc/avr/4.6.2/../../../../avr/lib/avrxmega7\libc.a(scanf.o)
 .debug_line    0x000033bd      0x291 c:/program files (x86)/atmel/atmel studio 6.0/extensions/atmel/avrgcc/3.4.1.95/avrtoolchain/bin/../lib/gcc/avr/4.6.2/../../../../avr/lib/avrxmega7\libc.a(vfprintf_std.o)
 .debug_line    0x0000364e      0x2c2 c:/program files (x86)/atmel/atmel studio 6.0/extensions/atmel/avrgcc/3.4.1.95/avrtoolchain/bin/../lib/gcc/avr/4.6.2/../../../../avr/lib/avrxmega7\libc.a(vfscanf_std.o)
 .debug_line    0x00003910       0xf7 c:/program files (x86)/atmel/atmel studio 6.0/extensions/atmel/avrgcc/3.4.1.95/avrtoolchain/bin/../lib/gcc/avr/4.6.2/../../../../avr/lib/avrxmega7\libc.a(calloc.o)
 .debug_line    0x00003a07      0x1d3 c:/program files (x86)/atmel/atmel studio 6.0/extensions/atmel/avrgcc/3.4.1.95/avrtoolchain/bin/../lib/gcc/avr/4.6.2/../../../../avr/lib/avrxmega7\libc.a(malloc.o)
 .debug_line    0x00003bda       0xf4 c:/program files (x86)/atmel/atmel studio 6.0/extensions/atmel/avrgcc/3.4.1.95/avrtoolchain/bin/../lib/gcc/avr/4.6.2/../../../../avr/lib/avrxmega7\libc.a(fgetc.o)
 .debug_line    0x00003cce       0xe1 c:/program files (x86)/atmel/atmel studio 6.0/extensions/atmel/avrgcc/3.4.1.95/avrtoolchain/bin/../lib/gcc/avr/4.6.2/../../../../avr/lib/avrxmega7\libc.a(fputc.o)
 .debug_line    0x00003daf       0xeb c:/program files (x86)/atmel/atmel studio 6.0/extensions/atmel/avrgcc/3.4.1.95/avrtoolchain/bin/../lib/gcc/avr/4.6.2/../../../../avr/lib/avrxmega7\libc.a(ungetc.o)

.debug_frame    0x00000000      0x718
 *(.debug_frame)
 .debug_frame   0x00000000       0x44 src/asf/common/services/clock/xmega/sysclk.o
 .debug_frame   0x00000044       0x74 src/asf/common/services/serial/usart_serial.o
 .debug_frame   0x000000b8       0x34 src/asf/common/utils/stdio/read.o
 .debug_frame   0x000000ec       0x24 src/asf/common/utils/stdio/write.o
 .debug_frame   0x00000110       0x24 src/asf/xmega/boards/xmega_a1_xplained/init.o
 .debug_frame   0x00000134       0x30 src/asf/xmega/drivers/ioport/ioport.o
 .debug_frame   0x00000164      0x120 src/asf/xmega/drivers/usart/usart.o
 .debug_frame   0x00000284       0xbc src/stdio_serial.o
 .debug_frame   0x00000340       0x38 c:/program files (x86)/atmel/atmel studio 6.0/extensions/atmel/avrgcc/3.4.1.95/avrtoolchain/bin/../lib/gcc/avr/4.6.2/../../../../avr/lib/avrxmega7\libc.a(fdevopen.o)
 .debug_frame   0x00000378       0x34 c:/program files (x86)/atmel/atmel studio 6.0/extensions/atmel/avrgcc/3.4.1.95/avrtoolchain/bin/../lib/gcc/avr/4.6.2/../../../../avr/lib/avrxmega7\libc.a(printf.o)
 .debug_frame   0x000003ac       0x24 c:/program files (x86)/atmel/atmel studio 6.0/extensions/atmel/avrgcc/3.4.1.95/avrtoolchain/bin/../lib/gcc/avr/4.6.2/../../../../avr/lib/avrxmega7\libc.a(putchar.o)
 .debug_frame   0x000003d0       0x34 c:/program files (x86)/atmel/atmel studio 6.0/extensions/atmel/avrgcc/3.4.1.95/avrtoolchain/bin/../lib/gcc/avr/4.6.2/../../../../avr/lib/avrxmega7\libc.a(scanf.o)
 .debug_frame   0x00000404       0x84 c:/program files (x86)/atmel/atmel studio 6.0/extensions/atmel/avrgcc/3.4.1.95/avrtoolchain/bin/../lib/gcc/avr/4.6.2/../../../../avr/lib/avrxmega7\libc.a(vfprintf_std.o)
 .debug_frame   0x00000488      0x178 c:/program files (x86)/atmel/atmel studio 6.0/extensions/atmel/avrgcc/3.4.1.95/avrtoolchain/bin/../lib/gcc/avr/4.6.2/../../../../avr/lib/avrxmega7\libc.a(vfscanf_std.o)
 .debug_frame   0x00000600       0x38 c:/program files (x86)/atmel/atmel studio 6.0/extensions/atmel/avrgcc/3.4.1.95/avrtoolchain/bin/../lib/gcc/avr/4.6.2/../../../../avr/lib/avrxmega7\libc.a(calloc.o)
 .debug_frame   0x00000638       0x54 c:/program files (x86)/atmel/atmel studio 6.0/extensions/atmel/avrgcc/3.4.1.95/avrtoolchain/bin/../lib/gcc/avr/4.6.2/../../../../avr/lib/avrxmega7\libc.a(malloc.o)
 .debug_frame   0x0000068c       0x30 c:/program files (x86)/atmel/atmel studio 6.0/extensions/atmel/avrgcc/3.4.1.95/avrtoolchain/bin/../lib/gcc/avr/4.6.2/../../../../avr/lib/avrxmega7\libc.a(fgetc.o)
 .debug_frame   0x000006bc       0x38 c:/program files (x86)/atmel/atmel studio 6.0/extensions/atmel/avrgcc/3.4.1.95/avrtoolchain/bin/../lib/gcc/avr/4.6.2/../../../../avr/lib/avrxmega7\libc.a(fputc.o)
 .debug_frame   0x000006f4       0x24 c:/program files (x86)/atmel/atmel studio 6.0/extensions/atmel/avrgcc/3.4.1.95/avrtoolchain/bin/../lib/gcc/avr/4.6.2/../../../../avr/lib/avrxmega7\libc.a(ungetc.o)

.debug_str      0x00000000     0x1403
 *(.debug_str)
 .debug_str     0x00000000      0x596 src/asf/common/services/clock/xmega/sysclk.o
                                0x5df (size before relaxing)
 .debug_str     0x00000596      0x1a7 src/asf/common/services/serial/usart_serial.o
                                0x2b7 (size before relaxing)
 .debug_str     0x0000073d       0x3e src/asf/common/utils/stdio/read.o
                                0x123 (size before relaxing)
 .debug_str     0x0000077b       0x2e src/asf/common/utils/stdio/write.o
                                0x12a (size before relaxing)
 .debug_str     0x000007a9      0x17a src/asf/xmega/boards/xmega_a1_xplained/init.o
                                0x276 (size before relaxing)
 .debug_str     0x00000923       0x4c src/asf/xmega/drivers/ioport/ioport.o
                                0x169 (size before relaxing)
 .debug_str     0x0000096f      0x463 src/asf/xmega/drivers/usart/usart.o
                                0xa0b (size before relaxing)
 .debug_str     0x00000dd2       0xc1 src/stdio_serial.o
                                0x4f7 (size before relaxing)
 .debug_str     0x00000e93       0x7a c:/program files (x86)/atmel/atmel studio 6.0/extensions/atmel/avrgcc/3.4.1.95/avrtoolchain/bin/../lib/gcc/avr/4.6.2/../../../../avr/lib/avrxmega7\libc.a(fdevopen.o)
                                0x100 (size before relaxing)
 .debug_str     0x00000f0d       0x4e c:/program files (x86)/atmel/atmel studio 6.0/extensions/atmel/avrgcc/3.4.1.95/avrtoolchain/bin/../lib/gcc/avr/4.6.2/../../../../avr/lib/avrxmega7\libc.a(iob.o)
                                 0xf2 (size before relaxing)
 .debug_str     0x00000f5b       0x72 c:/program files (x86)/atmel/atmel studio 6.0/extensions/atmel/avrgcc/3.4.1.95/avrtoolchain/bin/../lib/gcc/avr/4.6.2/../../../../avr/lib/avrxmega7\libc.a(printf.o)
                                0x125 (size before relaxing)
 .debug_str     0x00000fcd       0x52 c:/program files (x86)/atmel/atmel studio 6.0/extensions/atmel/avrgcc/3.4.1.95/avrtoolchain/bin/../lib/gcc/avr/4.6.2/../../../../avr/lib/avrxmega7\libc.a(putchar.o)
                                 0xfe (size before relaxing)
 .debug_str     0x0000101f       0x50 c:/program files (x86)/atmel/atmel studio 6.0/extensions/atmel/avrgcc/3.4.1.95/avrtoolchain/bin/../lib/gcc/avr/4.6.2/../../../../avr/lib/avrxmega7\libc.a(scanf.o)
                                0x123 (size before relaxing)
 .debug_str     0x0000106f       0x98 c:/program files (x86)/atmel/atmel studio 6.0/extensions/atmel/avrgcc/3.4.1.95/avrtoolchain/bin/../lib/gcc/avr/4.6.2/../../../../avr/lib/avrxmega7\libc.a(vfprintf_std.o)
                                0x16b (size before relaxing)
 .debug_str     0x00001107       0xb8 c:/program files (x86)/atmel/atmel studio 6.0/extensions/atmel/avrgcc/3.4.1.95/avrtoolchain/bin/../lib/gcc/avr/4.6.2/../../../../avr/lib/avrxmega7\libc.a(vfscanf_std.o)
                                0x191 (size before relaxing)
 .debug_str     0x000011bf       0x5e c:/program files (x86)/atmel/atmel studio 6.0/extensions/atmel/avrgcc/3.4.1.95/avrtoolchain/bin/../lib/gcc/avr/4.6.2/../../../../avr/lib/avrxmega7\libc.a(calloc.o)
                                 0x8c (size before relaxing)
 .debug_str     0x0000121d       0xe2 c:/program files (x86)/atmel/atmel studio 6.0/extensions/atmel/avrgcc/3.4.1.95/avrtoolchain/bin/../lib/gcc/avr/4.6.2/../../../../avr/lib/avrxmega7\libc.a(malloc.o)
                                0x16a (size before relaxing)
 .debug_str     0x000012ff       0x56 c:/program files (x86)/atmel/atmel studio 6.0/extensions/atmel/avrgcc/3.4.1.95/avrtoolchain/bin/../lib/gcc/avr/4.6.2/../../../../avr/lib/avrxmega7\libc.a(fgetc.o)
                                 0xfb (size before relaxing)
 .debug_str     0x00001355       0x56 c:/program files (x86)/atmel/atmel studio 6.0/extensions/atmel/avrgcc/3.4.1.95/avrtoolchain/bin/../lib/gcc/avr/4.6.2/../../../../avr/lib/avrxmega7\libc.a(fputc.o)
                                 0xfb (size before relaxing)
 .debug_str     0x000013ab       0x58 c:/program files (x86)/atmel/atmel studio 6.0/extensions/atmel/avrgcc/3.4.1.95/avrtoolchain/bin/../lib/gcc/avr/4.6.2/../../../../avr/lib/avrxmega7\libc.a(ungetc.o)
                                 0xfd (size before relaxing)

.debug_loc      0x00000000     0x2c8e
 *(.debug_loc)
 .debug_loc     0x00000000      0x282 src/asf/common/services/clock/xmega/sysclk.o
 .debug_loc     0x00000282      0x20d src/asf/common/services/serial/usart_serial.o
 .debug_loc     0x0000048f       0x74 src/asf/common/utils/stdio/read.o
 .debug_loc     0x00000503       0x36 src/asf/common/utils/stdio/write.o
 .debug_loc     0x00000539       0xb1 src/asf/xmega/drivers/ioport/ioport.o
 .debug_loc     0x000005ea      0x94f src/asf/xmega/drivers/usart/usart.o
 .debug_loc     0x00000f39      0x4a1 src/stdio_serial.o
 .debug_loc     0x000013da       0xc1 c:/program files (x86)/atmel/atmel studio 6.0/extensions/atmel/avrgcc/3.4.1.95/avrtoolchain/bin/../lib/gcc/avr/4.6.2/../../../../avr/lib/avrxmega7\libc.a(fdevopen.o)
 .debug_loc     0x0000149b       0x3b c:/program files (x86)/atmel/atmel studio 6.0/extensions/atmel/avrgcc/3.4.1.95/avrtoolchain/bin/../lib/gcc/avr/4.6.2/../../../../avr/lib/avrxmega7\libc.a(printf.o)
 .debug_loc     0x000014d6       0x18 c:/program files (x86)/atmel/atmel studio 6.0/extensions/atmel/avrgcc/3.4.1.95/avrtoolchain/bin/../lib/gcc/avr/4.6.2/../../../../avr/lib/avrxmega7\libc.a(putchar.o)
 .debug_loc     0x000014ee       0x3b c:/program files (x86)/atmel/atmel studio 6.0/extensions/atmel/avrgcc/3.4.1.95/avrtoolchain/bin/../lib/gcc/avr/4.6.2/../../../../avr/lib/avrxmega7\libc.a(scanf.o)
 .debug_loc     0x00001529      0x5e9 c:/program files (x86)/atmel/atmel studio 6.0/extensions/atmel/avrgcc/3.4.1.95/avrtoolchain/bin/../lib/gcc/avr/4.6.2/../../../../avr/lib/avrxmega7\libc.a(vfprintf_std.o)
 .debug_loc     0x00001b12      0xb6a c:/program files (x86)/atmel/atmel studio 6.0/extensions/atmel/avrgcc/3.4.1.95/avrtoolchain/bin/../lib/gcc/avr/4.6.2/../../../../avr/lib/avrxmega7\libc.a(vfscanf_std.o)
 .debug_loc     0x0000267c       0xa1 c:/program files (x86)/atmel/atmel studio 6.0/extensions/atmel/avrgcc/3.4.1.95/avrtoolchain/bin/../lib/gcc/avr/4.6.2/../../../../avr/lib/avrxmega7\libc.a(calloc.o)
 .debug_loc     0x0000271d      0x421 c:/program files (x86)/atmel/atmel studio 6.0/extensions/atmel/avrgcc/3.4.1.95/avrtoolchain/bin/../lib/gcc/avr/4.6.2/../../../../avr/lib/avrxmega7\libc.a(malloc.o)
 .debug_loc     0x00002b3e       0x8f c:/program files (x86)/atmel/atmel studio 6.0/extensions/atmel/avrgcc/3.4.1.95/avrtoolchain/bin/../lib/gcc/avr/4.6.2/../../../../avr/lib/avrxmega7\libc.a(fgetc.o)
 .debug_loc     0x00002bcd       0x99 c:/program files (x86)/atmel/atmel studio 6.0/extensions/atmel/avrgcc/3.4.1.95/avrtoolchain/bin/../lib/gcc/avr/4.6.2/../../../../avr/lib/avrxmega7\libc.a(fputc.o)
 .debug_loc     0x00002c66       0x28 c:/program files (x86)/atmel/atmel studio 6.0/extensions/atmel/avrgcc/3.4.1.95/avrtoolchain/bin/../lib/gcc/avr/4.6.2/../../../../avr/lib/avrxmega7\libc.a(ungetc.o)

.debug_macinfo  0x00000000   0x10fece
 *(.debug_macinfo)
 .debug_macinfo
                0x00000000    0x22457 src/asf/common/services/clock/xmega/sysclk.o
 .debug_macinfo
                0x00022457    0x2256d src/asf/common/services/serial/usart_serial.o
 .debug_macinfo
                0x000449c4    0x20f60 src/asf/common/utils/stdio/read.o
 .debug_macinfo
                0x00065924    0x20f60 src/asf/common/utils/stdio/write.o
 .debug_macinfo
                0x00086884    0x2204f src/asf/xmega/boards/xmega_a1_xplained/init.o
 .debug_macinfo
                0x000a88d3    0x2151b src/asf/xmega/drivers/ioport/ioport.o
 .debug_macinfo
                0x000c9dee    0x22b10 src/asf/xmega/drivers/usart/usart.o
 .debug_macinfo
                0x000ec8fe    0x235d0 src/stdio_serial.o
OUTPUT(STDIO_SERIAL.elf elf32-avr)
LOAD linker stubs

.BOOT           0x00020000        0x0

.debug_ranges   0x00000000      0x218
 .debug_ranges  0x00000000       0x20 src/asf/common/services/clock/xmega/sysclk.o
 .debug_ranges  0x00000020       0x18 src/asf/common/services/serial/usart_serial.o
 .debug_ranges  0x00000038       0x10 src/asf/common/utils/stdio/read.o
 .debug_ranges  0x00000048       0x10 src/asf/common/utils/stdio/write.o
 .debug_ranges  0x00000058       0x10 src/asf/xmega/boards/xmega_a1_xplained/init.o
 .debug_ranges  0x00000068       0x10 src/asf/xmega/drivers/ioport/ioport.o
 .debug_ranges  0x00000078       0x48 src/asf/xmega/drivers/usart/usart.o
 .debug_ranges  0x000000c0       0x48 src/stdio_serial.o
 .debug_ranges  0x00000108       0x10 c:/program files (x86)/atmel/atmel studio 6.0/extensions/atmel/avrgcc/3.4.1.95/avrtoolchain/bin/../lib/gcc/avr/4.6.2/../../../../avr/lib/avrxmega7\libc.a(fdevopen.o)
 .debug_ranges  0x00000118       0x10 c:/program files (x86)/atmel/atmel studio 6.0/extensions/atmel/avrgcc/3.4.1.95/avrtoolchain/bin/../lib/gcc/avr/4.6.2/../../../../avr/lib/avrxmega7\libc.a(printf.o)
 .debug_ranges  0x00000128       0x10 c:/program files (x86)/atmel/atmel studio 6.0/extensions/atmel/avrgcc/3.4.1.95/avrtoolchain/bin/../lib/gcc/avr/4.6.2/../../../../avr/lib/avrxmega7\libc.a(putchar.o)
 .debug_ranges  0x00000138       0x10 c:/program files (x86)/atmel/atmel studio 6.0/extensions/atmel/avrgcc/3.4.1.95/avrtoolchain/bin/../lib/gcc/avr/4.6.2/../../../../avr/lib/avrxmega7\libc.a(scanf.o)
 .debug_ranges  0x00000148       0x10 c:/program files (x86)/atmel/atmel studio 6.0/extensions/atmel/avrgcc/3.4.1.95/avrtoolchain/bin/../lib/gcc/avr/4.6.2/../../../../avr/lib/avrxmega7\libc.a(vfprintf_std.o)
 .debug_ranges  0x00000158       0x68 c:/program files (x86)/atmel/atmel studio 6.0/extensions/atmel/avrgcc/3.4.1.95/avrtoolchain/bin/../lib/gcc/avr/4.6.2/../../../../avr/lib/avrxmega7\libc.a(vfscanf_std.o)
 .debug_ranges  0x000001c0       0x10 c:/program files (x86)/atmel/atmel studio 6.0/extensions/atmel/avrgcc/3.4.1.95/avrtoolchain/bin/../lib/gcc/avr/4.6.2/../../../../avr/lib/avrxmega7\libc.a(calloc.o)
 .debug_ranges  0x000001d0       0x18 c:/program files (x86)/atmel/atmel studio 6.0/extensions/atmel/avrgcc/3.4.1.95/avrtoolchain/bin/../lib/gcc/avr/4.6.2/../../../../avr/lib/avrxmega7\libc.a(malloc.o)
 .debug_ranges  0x000001e8       0x10 c:/program files (x86)/atmel/atmel studio 6.0/extensions/atmel/avrgcc/3.4.1.95/avrtoolchain/bin/../lib/gcc/avr/4.6.2/../../../../avr/lib/avrxmega7\libc.a(fgetc.o)
 .debug_ranges  0x000001f8       0x10 c:/program files (x86)/atmel/atmel studio 6.0/extensions/atmel/avrgcc/3.4.1.95/avrtoolchain/bin/../lib/gcc/avr/4.6.2/../../../../avr/lib/avrxmega7\libc.a(fputc.o)
 .debug_ranges  0x00000208       0x10 c:/program files (x86)/atmel/atmel studio 6.0/extensions/atmel/avrgcc/3.4.1.95/avrtoolchain/bin/../lib/gcc/avr/4.6.2/../../../../avr/lib/avrxmega7\libc.a(ungetc.o)
